Archive member included to satisfy reference by file (symbol)

/home/kriszhao/bolos-devenv/gcc-arm-none-eabi-5_3-2016q1/bin/../lib/gcc/arm-none-eabi/5.3.1/armv6-m/libgcc.a(_udivsi3.o)
                              obj/os_io_seproxyhal.o (__aeabi_uidiv)
/home/kriszhao/bolos-devenv/gcc-arm-none-eabi-5_3-2016q1/bin/../lib/gcc/arm-none-eabi/5.3.1/armv6-m/libgcc.a(_divsi3.o)
                              obj/ont.o (__aeabi_idiv)
/home/kriszhao/bolos-devenv/gcc-arm-none-eabi-5_3-2016q1/bin/../lib/gcc/arm-none-eabi/5.3.1/armv6-m/libgcc.a(_dvmd_tls.o)
                              /home/kriszhao/bolos-devenv/gcc-arm-none-eabi-5_3-2016q1/bin/../lib/gcc/arm-none-eabi/5.3.1/armv6-m/libgcc.a(_udivsi3.o) (__aeabi_idiv0)
/home/kriszhao/bolos-devenv/gcc-arm-none-eabi-5_3-2016q1/bin/../lib/gcc/arm-none-eabi/5.3.1/../../../../arm-none-eabi/lib/armv6-m/libc.a(lib_a-aeabi_memclr.o)
                              obj/os.o (__aeabi_memclr)
/home/kriszhao/bolos-devenv/gcc-arm-none-eabi-5_3-2016q1/bin/../lib/gcc/arm-none-eabi/5.3.1/../../../../arm-none-eabi/lib/armv6-m/libc.a(lib_a-aeabi_memcpy.o)
                              obj/ui.o (__aeabi_memcpy)
/home/kriszhao/bolos-devenv/gcc-arm-none-eabi-5_3-2016q1/bin/../lib/gcc/arm-none-eabi/5.3.1/../../../../arm-none-eabi/lib/armv6-m/libc.a(lib_a-aeabi_memset.o)
                              obj/os.o (__aeabi_memset)
/home/kriszhao/bolos-devenv/gcc-arm-none-eabi-5_3-2016q1/bin/../lib/gcc/arm-none-eabi/5.3.1/../../../../arm-none-eabi/lib/armv6-m/libc.a(lib_a-memcpy-stub.o)
                              /home/kriszhao/bolos-devenv/gcc-arm-none-eabi-5_3-2016q1/bin/../lib/gcc/arm-none-eabi/5.3.1/../../../../arm-none-eabi/lib/armv6-m/libc.a(lib_a-aeabi_memcpy.o) (memcpy)
/home/kriszhao/bolos-devenv/gcc-arm-none-eabi-5_3-2016q1/bin/../lib/gcc/arm-none-eabi/5.3.1/../../../../arm-none-eabi/lib/armv6-m/libc.a(lib_a-memset.o)
                              /home/kriszhao/bolos-devenv/gcc-arm-none-eabi-5_3-2016q1/bin/../lib/gcc/arm-none-eabi/5.3.1/../../../../arm-none-eabi/lib/armv6-m/libc.a(lib_a-aeabi_memset.o) (memset)
/home/kriszhao/bolos-devenv/gcc-arm-none-eabi-5_3-2016q1/bin/../lib/gcc/arm-none-eabi/5.3.1/../../../../arm-none-eabi/lib/armv6-m/libc.a(lib_a-setjmp.o)
                              obj/main.o (setjmp)
/home/kriszhao/bolos-devenv/gcc-arm-none-eabi-5_3-2016q1/bin/../lib/gcc/arm-none-eabi/5.3.1/../../../../arm-none-eabi/lib/armv6-m/libc.a(lib_a-strlen-stub.o)
                              obj/os_io_seproxyhal.o (strlen)

Discarded input sections

 .text          0x00000000        0x0 obj/cx_compliance_141.o
 .text.cx_rng_rfc6979_X
                0x00000000       0x46 obj/cx_compliance_141.o
 .ARM.exidx.text.cx_rng_rfc6979_X
                0x00000000        0x8 obj/cx_compliance_141.o
 .text.cx_hash_sha256_X
                0x00000000        0xa obj/cx_compliance_141.o
 .ARM.exidx.text.cx_hash_sha256_X
                0x00000000        0x8 obj/cx_compliance_141.o
 .text.cx_hash_sha512_X
                0x00000000        0xa obj/cx_compliance_141.o
 .ARM.exidx.text.cx_hash_sha512_X
                0x00000000        0x8 obj/cx_compliance_141.o
 .text.cx_hmac_X
                0x00000000       0x30 obj/cx_compliance_141.o
 .ARM.exidx.text.cx_hmac_X
                0x00000000        0x8 obj/cx_compliance_141.o
 .text.cx_hmac_sha256_X
                0x00000000       0x16 obj/cx_compliance_141.o
 .ARM.exidx.text.cx_hmac_sha256_X
                0x00000000        0x8 obj/cx_compliance_141.o
 .text.cx_hmac_sha512_X
                0x00000000       0x16 obj/cx_compliance_141.o
 .ARM.exidx.text.cx_hmac_sha512_X
                0x00000000        0x8 obj/cx_compliance_141.o
 .text.cx_des_iv_X
                0x00000000       0x22 obj/cx_compliance_141.o
 .ARM.exidx.text.cx_des_iv_X
                0x00000000        0x8 obj/cx_compliance_141.o
 .text.cx_des_X
                0x00000000       0x1c obj/cx_compliance_141.o
 .ARM.exidx.text.cx_des_X
                0x00000000        0x8 obj/cx_compliance_141.o
 .text.cx_aes_iv_X
                0x00000000       0x20 obj/cx_compliance_141.o
 .ARM.exidx.text.cx_aes_iv_X
                0x00000000        0x8 obj/cx_compliance_141.o
 .text.cx_aes_X
                0x00000000       0x1a obj/cx_compliance_141.o
 .ARM.exidx.text.cx_aes_X
                0x00000000        0x8 obj/cx_compliance_141.o
 .text.cx_rsa_init_public_key_X
                0x00000000       0x18 obj/cx_compliance_141.o
 .ARM.exidx.text.cx_rsa_init_public_key_X
                0x00000000        0x8 obj/cx_compliance_141.o
 .text.cx_rsa_init_private_key_X
                0x00000000       0x18 obj/cx_compliance_141.o
 .ARM.exidx.text.cx_rsa_init_private_key_X
                0x00000000        0x8 obj/cx_compliance_141.o
 .text.cx_rsa_generate_pair_X
                0x00000000       0x34 obj/cx_compliance_141.o
 .ARM.exidx.text.cx_rsa_generate_pair_X
                0x00000000        0x8 obj/cx_compliance_141.o
 .text.cx_ecfp_is_valid_point_X
[...]
Memory Configuration

Name             Origin             Length             Attributes
DISCARD          0xd0000000         0x00100000         xrw
FLASH            0xc0d00000         0x00064000         xr
SRAM             0x20001800         0x00001000         xrw
*default*        0x00000000         0xffffffff

Linker script and memory map

LOAD obj/cx_compliance_141.o
LOAD obj/main.o
LOAD obj/ont.o
LOAD obj/os.o
LOAD obj/os_io_seproxyhal.o
LOAD obj/os_printf.o
LOAD obj/pic.o
LOAD obj/pic_internal.o
LOAD obj/syscalls.o
LOAD obj/u2f_impl.o
LOAD obj/u2f_io.o
LOAD obj/u2f_transport.o
LOAD obj/ui.o
LOAD obj/usbd_ccid_cmd.o
LOAD obj/usbd_ccid_core.o
LOAD obj/usbd_ccid_if.o
LOAD obj/usbd_conf.o
LOAD obj/usbd_core.o
LOAD obj/usbd_ctlreq.o
LOAD obj/usbd_hid.o
LOAD obj/usbd_impl.o
LOAD obj/usbd_ioreq.o
LOAD /home/kriszhao/bolos-devenv/gcc-arm-none-eabi-5_3-2016q1/bin/../lib/gcc/arm-none-eabi/5.3.1/../../../../arm-none-eabi/lib/armv6-m/libm.a
LOAD /home/kriszhao/bolos-devenv/gcc-arm-none-eabi-5_3-2016q1/bin/../lib/gcc/arm-none-eabi/5.3.1/armv6-m/libgcc.a
LOAD /home/kriszhao/bolos-devenv/gcc-arm-none-eabi-5_3-2016q1/bin/../lib/gcc/arm-none-eabi/5.3.1/../../../../arm-none-eabi/lib/armv6-m/libc.a
START GROUP
LOAD /home/kriszhao/bolos-devenv/gcc-arm-none-eabi-5_3-2016q1/bin/../lib/gcc/arm-none-eabi/5.3.1/armv6-m/libgcc.a
LOAD /home/kriszhao/bolos-devenv/gcc-arm-none-eabi-5_3-2016q1/bin/../lib/gcc/arm-none-eabi/5.3.1/../../../../arm-none-eabi/lib/armv6-m/libg.a
LOAD /home/kriszhao/bolos-devenv/gcc-arm-none-eabi-5_3-2016q1/bin/../lib/gcc/arm-none-eabi/5.3.1/../../../../arm-none-eabi/lib/armv6-m/libc.a
END GROUP
                0x00000040                PAGE_SIZE = 0x40
                0x00000300                STACK_SIZE = 0x300
                0x20002800                END_STACK = (ORIGIN (SRAM) + LENGTH (SRAM))

.text           0xc0d00000     0x5a80
                0xc0d00000                _text = .
                0xc0d00000                _nvram = .
                [!provide]                PROVIDE (_setjmp, setjmp)
 *(.boot*)
 .boot          0xc0d00000       0xc4 obj/main.o
                0xc0d00000                main
 *(.text*)
 .text.cx_hash_X
                0xc0d000c4       0x4e obj/cx_compliance_141.o
                0xc0d000c4                cx_hash_X
 .text.cx_ecfp_get_domain_length
                0xc0d00112       0x7c obj/cx_compliance_141.o
 .text.cx_ecdsa_sign_X
                0xc0d0018e       0x36 obj/cx_compliance_141.o
                0xc0d0018e                cx_ecdsa_sign_X
 .text.io_exchange_al
                0xc0d001c4       0x50 obj/main.o
                0xc0d001c4                io_exchange_al
 .text.io_seproxyhal_display
                0xc0d00214        0x8 obj/main.o
                0xc0d00214                io_seproxyhal_display
 .text.io_event
                0xc0d0021c      0x558 obj/main.o
                0xc0d0021c                io_event
 .text.ont_main
                0xc0d00774      0x3e4 obj/main.o
 .text.display_tx_desc
                0xc0d00b58      0x274 obj/ont.o
                0xc0d00b58                display_tx_desc
 .text.to_address
                0xc0d00dcc       0x78 obj/ont.o
 .text.public_key_hash160
                0xc0d00e44       0x42 obj/ont.o
                0xc0d00e44                public_key_hash160
 *fill*         0xc0d00e86        0x2 00
 .text.display_public_key
                0xc0d00e88       0xb0 obj/ont.o
                0xc0d00e88                display_public_key
 .text.encode_base_x
                0xc0d00f38      0x144 obj/ont.o
 .text.os_boot  0xc0d0107c        0x6 obj/os.o
                0xc0d0107c                os_boot
 .text.try_context_set
                0xc0d01082        0x4 obj/os.o
                0xc0d01082                try_context_set
 *fill*         0xc0d01086        0x2 00
 .text.io_usb_hid_receive
                0xc0d01088      0x150 obj/os.o
                0xc0d01088                io_usb_hid_receive
 .text.os_memset
                0xc0d011d8       0x12 obj/os.o
                0xc0d011d8                os_memset
 .text.os_memmove
                0xc0d011ea       0x36 obj/os.o
                0xc0d011ea                os_memmove
 .text.io_usb_hid_init
                0xc0d01220        0xc obj/os.o
                0xc0d01220                io_usb_hid_init
 .text.io_usb_hid_exchange
                0xc0d0122c       0xf8 obj/os.o
                0xc0d0122c                io_usb_hid_exchange
 .text.os_memcmp
                0xc0d01324       0x2e obj/os.o
                0xc0d01324                os_memcmp
 .text.os_longjmp
                0xc0d01352        0xa obj/os.o
                0xc0d01352                os_longjmp
 .text.try_context_get
                0xc0d0135c        0x4 obj/os.o
                0xc0d0135c                try_context_get
 .text.try_context_get_previous
                0xc0d01360        0xc obj/os.o
                0xc0d01360                try_context_get_previous
 .text.io_seproxyhal_general_status
                0xc0d0136c       0x28 obj/os_io_seproxyhal.o
                0xc0d0136c                io_seproxyhal_general_status
 .text.io_seproxyhal_handle_usb_event
                0xc0d01394       0x5c obj/os_io_seproxyhal.o
                0xc0d01394                io_seproxyhal_handle_usb_event
 .text.io_seproxyhal_get_ep_rx_size
                0xc0d013f0       0x10 obj/os_io_seproxyhal.o
                0xc0d013f0                io_seproxyhal_get_ep_rx_size
 .text.io_seproxyhal_handle_usb_ep_xfer_event
                0xc0d01400       0x50 obj/os_io_seproxyhal.o
                0xc0d01400                io_seproxyhal_handle_usb_ep_xfer_event
 .text.io_usb_send_ep
                0xc0d01450       0x90 obj/os_io_seproxyhal.o
                0xc0d01450                io_usb_send_ep
 .text.io_seproxyhal_handle_event
                0xc0d014e0       0x88 obj/os_io_seproxyhal.o
                0xc0d014e0                io_seproxyhal_handle_event
 .text.io_usb_send_apdu_data
                0xc0d01568       0x10 obj/os_io_seproxyhal.o
                0xc0d01568                io_usb_send_apdu_data
 .text.io_seproxyhal_handle_capdu_event
                0xc0d01578       0x44 obj/os_io_seproxyhal.o
                0xc0d01578                io_seproxyhal_handle_capdu_event
 .text.io_seproxyhal_init
                0xc0d015bc       0x58 obj/os_io_seproxyhal.o
                0xc0d015bc                io_seproxyhal_init
 .text.io_seproxyhal_init_ux
                0xc0d01614        0xc obj/os_io_seproxyhal.o
                0xc0d01614                io_seproxyhal_init_ux
 .text.io_seproxyhal_touch_out
                0xc0d01620       0x46 obj/os_io_seproxyhal.o
                0xc0d01620                io_seproxyhal_touch_out
 .text.io_seproxyhal_touch_over
                0xc0d01666       0x56 obj/os_io_seproxyhal.o
                0xc0d01666                io_seproxyhal_touch_over
 .text.io_seproxyhal_touch_tap
                0xc0d016bc       0x46 obj/os_io_seproxyhal.o
                0xc0d016bc                io_seproxyhal_touch_tap
 *fill*         0xc0d01702        0x2 00
 .text.io_seproxyhal_touch_element_callback
                0xc0d01704      0x110 obj/os_io_seproxyhal.o
                0xc0d01704                io_seproxyhal_touch_element_callback
 .text.io_seproxyhal_display_icon
                0xc0d01814       0x8c obj/os_io_seproxyhal.o
                0xc0d01814                io_seproxyhal_display_icon
 .text.io_seproxyhal_display_default
                0xc0d018a0       0x84 obj/os_io_seproxyhal.o
                0xc0d018a0                io_seproxyhal_display_default
 .text.io_seproxyhal_button_push
                0xc0d01924       0x74 obj/os_io_seproxyhal.o
                0xc0d01924                io_seproxyhal_button_push
 .text.io_exchange
                0xc0d01998      0x1f8 obj/os_io_seproxyhal.o
                0xc0d01998                io_exchange
 .text.ux_check_status_default
                0xc0d01b90        0x2 obj/os_io_seproxyhal.o
                0xc0d01b90                ux_check_status
                0xc0d01b90                ux_check_status_default
 *fill*         0xc0d01b92        0x2 00
 .text.snprintf
                0xc0d01b94      0x42c obj/os_printf.o
                0xc0d01b94                snprintf
 .text.pic      0xc0d01fc0       0x1c obj/pic.o
                0xc0d01fc0                pic
 .text.pic_internal
                0xc0d01fdc       0x10 obj/pic_internal.o
                0xc0d01fdc                pic_internal
 .text.SVC_Call
                0xc0d01fec        0x4 obj/syscalls.o
                0xc0d01fec                SVC_Call
 .text.check_api_level
                0xc0d01ff0       0x2c obj/syscalls.o
                0xc0d01ff0                check_api_level
 .text.reset    0xc0d0201c       0x28 obj/syscalls.o
                0xc0d0201c                reset
 .text.cx_rng   0xc0d02044       0x30 obj/syscalls.o
                0xc0d02044                cx_rng
 .text.cx_hash  0xc0d02074       0x38 obj/syscalls.o
                0xc0d02074                cx_hash
 .text.cx_ripemd160_init
                0xc0d020ac       0x2c obj/syscalls.o
                0xc0d020ac                cx_ripemd160_init
 .text.cx_sha256_init
                0xc0d020d8       0x2c obj/syscalls.o
                0xc0d020d8                cx_sha256_init
 .text.cx_ecfp_init_public_key
                0xc0d02104       0x30 obj/syscalls.o
                0xc0d02104                cx_ecfp_init_public_key
 .text.cx_ecfp_init_private_key
                0xc0d02134       0x30 obj/syscalls.o
                0xc0d02134                cx_ecfp_init_private_key
 .text.cx_ecfp_generate_pair
                0xc0d02164       0x30 obj/syscalls.o
                0xc0d02164                cx_ecfp_generate_pair
 .text.cx_ecdsa_sign
                0xc0d02194       0x40 obj/syscalls.o
                0xc0d02194                cx_ecdsa_sign
 .text.os_perso_derive_node_bip32
                0xc0d021d4       0x30 obj/syscalls.o
                0xc0d021d4                os_perso_derive_node_bip32
 .text.os_sched_exit
                0xc0d02204       0x2c obj/syscalls.o
                0xc0d02204                os_sched_exit
 .text.os_ux    0xc0d02230       0x2c obj/syscalls.o
                0xc0d02230                os_ux
 .text.os_seph_features
                0xc0d0225c       0x2c obj/syscalls.o
                0xc0d0225c                os_seph_features
 .text.io_seproxyhal_spi_send
                0xc0d02288       0x2c obj/syscalls.o
                0xc0d02288                io_seproxyhal_spi_send
 .text.io_seproxyhal_spi_is_status_sent
                0xc0d022b4       0x2c obj/syscalls.o
                0xc0d022b4                io_seproxyhal_spi_is_status_sent
 .text.io_seproxyhal_spi_recv
                0xc0d022e0       0x30 obj/syscalls.o
                0xc0d022e0                io_seproxyhal_spi_recv
 .text.u2f_apdu_sign
                0xc0d02310       0xac obj/u2f_impl.o
                0xc0d02310                u2f_apdu_sign
 .text.u2f_handle_cmd_init
                0xc0d023bc       0x8c obj/u2f_impl.o
                0xc0d023bc                u2f_handle_cmd_init
 .text.u2f_handle_cmd_msg
                0xc0d02448       0xb8 obj/u2f_impl.o
                0xc0d02448                u2f_handle_cmd_msg
 .text.u2f_message_complete
                0xc0d02500       0x3a obj/u2f_impl.o
                0xc0d02500                u2f_message_complete
 *fill*         0xc0d0253a        0x2 00
 .text.u2f_io_send
                0xc0d0253c       0x34 obj/u2f_io.o
                0xc0d0253c                u2f_io_send
 .text.u2f_transport_init
                0xc0d02570       0x12 obj/u2f_transport.o
                0xc0d02570                u2f_transport_init
 *fill*         0xc0d02582        0x2 00
 .text.u2f_transport_sent
                0xc0d02584       0xc4 obj/u2f_transport.o
                0xc0d02584                u2f_transport_sent
 .text.u2f_transport_received
                0xc0d02648      0x338 obj/u2f_transport.o
                0xc0d02648                u2f_transport_received
 .text.u2f_is_channel_broadcast
                0xc0d02980       0x20 obj/u2f_transport.o
                0xc0d02980                u2f_is_channel_broadcast
 .text.u2f_message_reply
                0xc0d029a0       0x1c obj/u2f_transport.o
                0xc0d029a0                u2f_message_reply
 .text.io_seproxyhal_touch_approve
                0xc0d029bc      0x144 obj/ui.o
                0xc0d029bc                io_seproxyhal_touch_approve
 .text.ui_idle  0xc0d02b00      0x134 obj/ui.o
                0xc0d02b00                ui_idle
 .text.bagl_ui_idle_blue_button
                0xc0d02c34        0x4 obj/ui.o
 .text.bagl_ui_idle_nanos_button
                0xc0d02c38       0x28 obj/ui.o
 .text.ui_top_sign
                0xc0d02c60      0x134 obj/ui.o
                0xc0d02c60                ui_top_sign
 .text.bagl_ui_top_sign_blue_button
                0xc0d02d94        0x4 obj/ui.o
 .text.bagl_ui_top_sign_nanos_button
                0xc0d02d98       0x38 obj/ui.o
 .text.get_apdu_buffer_length
                0xc0d02dd0        0xc obj/ui.o
                0xc0d02dd0                get_apdu_buffer_length
 .text.io_seproxyhal_touch_exit
                0xc0d02ddc        0xe obj/ui.o
 *fill*         0xc0d02dea        0x2 00
 .text.ui_public_key_1
                0xc0d02dec      0x100 obj/ui.o
 .text.bagl_ui_public_key_nanos_1_button
                0xc0d02eec      0x150 obj/ui.o
 .text.bagl_ui_public_key_nanos_2_button
                0xc0d0303c       0x24 obj/ui.o
 .text.tx_desc_up
                0xc0d03060       0x58 obj/ui.o
 .text.tx_desc_dn
                0xc0d030b8       0x58 obj/ui.o
 .text.ui_deny  0xc0d03110      0x134 obj/ui.o
 .text.ui_display_tx_desc_1
                0xc0d03244      0x130 obj/ui.o
 .text.ui_display_tx_desc_2
                0xc0d03374      0x134 obj/ui.o
 .text.ui_sign  0xc0d034a8      0x134 obj/ui.o
 .text.bagl_ui_deny_blue_button
                0xc0d035dc        0x4 obj/ui.o
 .text.bagl_ui_deny_nanos_button
                0xc0d035e0       0x6c obj/ui.o
 .text.io_seproxyhal_touch_deny
                0xc0d0364c       0x3c obj/ui.o
 .text.bagl_ui_tx_desc_blue_button
                0xc0d03688        0x4 obj/ui.o
 .text.bagl_ui_tx_desc_nanos_1_button
                0xc0d0368c       0x28 obj/ui.o
 .text.bagl_ui_tx_desc_nanos_2_button
                0xc0d036b4       0x28 obj/ui.o
 .text.USBD_LL_Init
                0xc0d036dc       0x14 obj/usbd_conf.o
                0xc0d036dc                USBD_LL_Init
 .text.USBD_LL_DeInit
                0xc0d036f0       0x24 obj/usbd_conf.o
                0xc0d036f0                USBD_LL_DeInit
 .text.USBD_LL_Start
                0xc0d03714       0x38 obj/usbd_conf.o
                0xc0d03714                USBD_LL_Start
 .text.USBD_LL_Stop
                0xc0d0374c       0x22 obj/usbd_conf.o
                0xc0d0374c                USBD_LL_Stop
 *fill*         0xc0d0376e        0x2 00
 .text.USBD_LL_OpenEP
                0xc0d03770       0x4c obj/usbd_conf.o
                0xc0d03770                USBD_LL_OpenEP
 .text.USBD_LL_CloseEP
                0xc0d037bc       0x2c obj/usbd_conf.o
                0xc0d037bc                USBD_LL_CloseEP
 .text.USBD_LL_StallEP
                0xc0d037e8       0x4c obj/usbd_conf.o
                0xc0d037e8                USBD_LL_StallEP
 .text.USBD_LL_ClearStallEP
                0xc0d03834       0x48 obj/usbd_conf.o
                0xc0d03834                USBD_LL_ClearStallEP
 .text.USBD_LL_IsStallEP
                0xc0d0387c       0x24 obj/usbd_conf.o
                0xc0d0387c                USBD_LL_IsStallEP
 .text.USBD_LL_SetUSBAddress
                0xc0d038a0       0x24 obj/usbd_conf.o
                0xc0d038a0                USBD_LL_SetUSBAddress
 .text.USBD_LL_Transmit
                0xc0d038c4       0x32 obj/usbd_conf.o
                0xc0d038c4                USBD_LL_Transmit
 .text.USBD_LL_PrepareReceive
                0xc0d038f6       0x26 obj/usbd_conf.o
                0xc0d038f6                USBD_LL_PrepareReceive
 .text.USBD_Init
                0xc0d0391c       0x36 obj/usbd_core.o
                0xc0d0391c                USBD_Init
 .text.USBD_DeInit
                0xc0d03952       0x3e obj/usbd_core.o
                0xc0d03952                USBD_DeInit
 .text.USBD_RegisterClassForInterface
                0xc0d03990       0x1a obj/usbd_core.o
                0xc0d03990                USBD_RegisterClassForInterface
 .text.USBD_Start
                0xc0d039aa        0xa obj/usbd_core.o
                0xc0d039aa                USBD_Start
 .text.USBD_SetClassConfig
                0xc0d039b4       0x3a obj/usbd_core.o
                0xc0d039b4                USBD_SetClassConfig
 .text.USBD_ClrClassConfig
                0xc0d039ee       0x3a obj/usbd_core.o
                0xc0d039ee                USBD_ClrClassConfig
 .text.USBD_LL_SetupStage
                0xc0d03a28       0x5e obj/usbd_core.o
                0xc0d03a28                USBD_LL_SetupStage
 .text.USBD_LL_DataOutStage
                0xc0d03a86       0xbe obj/usbd_core.o
                0xc0d03a86                USBD_LL_DataOutStage
 .text.USBD_LL_DataInStage
                0xc0d03b44       0xf2 obj/usbd_core.o
                0xc0d03b44                USBD_LL_DataInStage
 .text.USBD_LL_Reset
                0xc0d03c36       0x42 obj/usbd_core.o
                0xc0d03c36                USBD_LL_Reset
 .text.USBD_LL_SetSpeed
                0xc0d03c78        0x6 obj/usbd_core.o
                0xc0d03c78                USBD_LL_SetSpeed
 .text.USBD_LL_Suspend
                0xc0d03c7e        0x4 obj/usbd_core.o
                0xc0d03c7e                USBD_LL_Suspend
 .text.USBD_LL_Resume
                0xc0d03c82        0x4 obj/usbd_core.o
                0xc0d03c82                USBD_LL_Resume
 .text.USBD_LL_SOF
                0xc0d03c86       0x3e obj/usbd_core.o
                0xc0d03c86                USBD_LL_SOF
 .text.usbd_is_valid_intf
                0xc0d03cc4       0x1c obj/usbd_ctlreq.o
                0xc0d03cc4                usbd_is_valid_intf
 .text.USBD_StdDevReq
                0xc0d03ce0       0x5a obj/usbd_ctlreq.o
                0xc0d03ce0                USBD_StdDevReq
 .text.USBD_GetDescriptor
                0xc0d03d3a      0x11a obj/usbd_ctlreq.o
                0xc0d03d3a                USBD_GetDescriptor
 .text.USBD_SetAddress
                0xc0d03e54       0x4a obj/usbd_ctlreq.o
                0xc0d03e54                USBD_SetAddress
 .text.USBD_SetConfig
                0xc0d03e9e       0x6e obj/usbd_ctlreq.o
                0xc0d03e9e                USBD_SetConfig
 .text.USBD_GetConfig
                0xc0d03f0c       0x2e obj/usbd_ctlreq.o
                0xc0d03f0c                USBD_GetConfig
 .text.USBD_GetStatus
                0xc0d03f3a       0x46 obj/usbd_ctlreq.o
                0xc0d03f3a                USBD_GetStatus
 .text.USBD_SetFeature
                0xc0d03f80       0x3e obj/usbd_ctlreq.o
                0xc0d03f80                USBD_SetFeature
 .text.USBD_ClrFeature
                0xc0d03fbe       0x54 obj/usbd_ctlreq.o
                0xc0d03fbe                USBD_ClrFeature
 .text.USBD_CtlError
                0xc0d04012       0x14 obj/usbd_ctlreq.o
                0xc0d04012                USBD_CtlError
 .text.USBD_StdItfReq
                0xc0d04026       0x4a obj/usbd_ctlreq.o
                0xc0d04026                USBD_StdItfReq
 .text.USBD_StdEPReq
                0xc0d04070      0x116 obj/usbd_ctlreq.o
                0xc0d04070                USBD_StdEPReq
 .text.USBD_ParseSetupRequest
                0xc0d04186       0x28 obj/usbd_ctlreq.o
                0xc0d04186                USBD_ParseSetupRequest
 .text.USBD_HID_Setup
                0xc0d041ae       0x98 obj/usbd_hid.o
                0xc0d041ae                USBD_HID_Setup
 .text.USBD_HID_Init
                0xc0d04246       0x32 obj/usbd_hid.o
                0xc0d04246                USBD_HID_Init
 .text.USBD_HID_DeInit
                0xc0d04278       0x16 obj/usbd_hid.o
                0xc0d04278                USBD_HID_DeInit
 *fill*         0xc0d0428e        0x2 00
 .text.USBD_HID_GetHidDescriptor_impl
                0xc0d04290       0x34 obj/usbd_impl.o
                0xc0d04290                USBD_HID_GetHidDescriptor_impl
 .text.USBD_HID_GetReportDescriptor_impl
                0xc0d042c4       0x68 obj/usbd_impl.o
                0xc0d042c4                USBD_HID_GetReportDescriptor_impl
 .text.USBD_U2F_DataIn_impl
                0xc0d0432c       0x18 obj/usbd_impl.o
                0xc0d0432c                USBD_U2F_DataIn_impl
 .text.USBD_U2F_DataOut_impl
                0xc0d04344       0x2c obj/usbd_impl.o
                0xc0d04344                USBD_U2F_DataOut_impl
 .text.USBD_HID_DataOut_impl
                0xc0d04370       0x58 obj/usbd_impl.o
                0xc0d04370                USBD_HID_DataOut_impl
 .text.USBD_DeviceDescriptor
                0xc0d043c8       0x10 obj/usbd_impl.o
 .text.USBD_LangIDStrDescriptor
                0xc0d043d8       0x10 obj/usbd_impl.o
 .text.USBD_ManufacturerStrDescriptor
                0xc0d043e8       0x10 obj/usbd_impl.o
 .text.USBD_ProductStrDescriptor
                0xc0d043f8       0x10 obj/usbd_impl.o
 .text.USBD_SerialStrDescriptor
                0xc0d04408       0x10 obj/usbd_impl.o
 .text.USBD_ConfigStrDescriptor
                0xc0d04418       0x10 obj/usbd_impl.o
 .text.USBD_InterfaceStrDescriptor
                0xc0d04428       0x10 obj/usbd_impl.o
 .text.USB_power
                0xc0d04438       0x7c obj/usbd_impl.o
                0xc0d04438                USB_power
 .text.USBD_GetCfgDesc_impl
                0xc0d044b4       0x10 obj/usbd_impl.o
 .text.USBD_GetDeviceQualifierDesc_impl
                0xc0d044c4       0x10 obj/usbd_impl.o
 .text.USBD_CtlSendData
                0xc0d044d4       0x2c obj/usbd_ioreq.o
                0xc0d044d4                USBD_CtlSendData
 .text.USBD_CtlContinueSendData
                0xc0d04500       0x1c obj/usbd_ioreq.o
                0xc0d04500                USBD_CtlContinueSendData
 .text.USBD_CtlContinueRx
                0xc0d0451c        0xe obj/usbd_ioreq.o
                0xc0d0451c                USBD_CtlContinueRx
 .text.USBD_CtlSendStatus
                0xc0d0452a       0x18 obj/usbd_ioreq.o
                0xc0d0452a                USBD_CtlSendStatus
 .text.USBD_CtlReceiveStatus
                0xc0d04542       0x16 obj/usbd_ioreq.o
                0xc0d04542                USBD_CtlReceiveStatus
 .text          0xc0d04558      0x114 /home/kriszhao/bolos-devenv/gcc-arm-none-eabi-5_3-2016q1/bin/../lib/gcc/arm-none-eabi/5.3.1/armv6-m/libgcc.a(_udivsi3.o)
                0xc0d04558                __udivsi3
                0xc0d04558                __aeabi_uidiv
                0xc0d04664                __aeabi_uidivmod
 .text          0xc0d0466c      0x1d4 /home/kriszhao/bolos-devenv/gcc-arm-none-eabi-5_3-2016q1/bin/../lib/gcc/arm-none-eabi/5.3.1/armv6-m/libgcc.a(_divsi3.o)
                0xc0d0466c                __aeabi_idiv
                0xc0d0466c                __divsi3
                0xc0d04838                __aeabi_idivmod
 .text          0xc0d04840        0x4 /home/kriszhao/bolos-devenv/gcc-arm-none-eabi-5_3-2016q1/bin/../lib/gcc/arm-none-eabi/5.3.1/armv6-m/libgcc.a(_dvmd_tls.o)
                0xc0d04840                __aeabi_ldiv0
                0xc0d04840                __aeabi_idiv0
 .text.__aeabi_memclr
                0xc0d04844        0xc /home/kriszhao/bolos-devenv/gcc-arm-none-eabi-5_3-2016q1/bin/../lib/gcc/arm-none-eabi/5.3.1/../../../../arm-none-eabi/lib/armv6-m/libc.a(lib_a-aeabi_memclr.o)
                0xc0d04844                __aeabi_memclr8
                0xc0d04844                __aeabi_memclr
                0xc0d04844                __aeabi_memclr4
 .text.__aeabi_memcpy
                0xc0d04850        0x8 /home/kriszhao/bolos-devenv/gcc-arm-none-eabi-5_3-2016q1/bin/../lib/gcc/arm-none-eabi/5.3.1/../../../../arm-none-eabi/lib/armv6-m/libc.a(lib_a-aeabi_memcpy.o)
                0xc0d04850                __aeabi_memcpy
                0xc0d04850                __aeabi_memcpy4
                0xc0d04850                __aeabi_memcpy8
 .text.__aeabi_memset
                0xc0d04858       0x10 /home/kriszhao/bolos-devenv/gcc-arm-none-eabi-5_3-2016q1/bin/../lib/gcc/arm-none-eabi/5.3.1/../../../../arm-none-eabi/lib/armv6-m/libc.a(lib_a-aeabi_memset.o)
                0xc0d04858                __aeabi_memset
                0xc0d04858                __aeabi_memset8
                0xc0d04858                __aeabi_memset4
 .text.memcpy   0xc0d04868       0x7c /home/kriszhao/bolos-devenv/gcc-arm-none-eabi-5_3-2016q1/bin/../lib/gcc/arm-none-eabi/5.3.1/../../../../arm-none-eabi/lib/armv6-m/libc.a(lib_a-memcpy-stub.o)
                0xc0d04868                memcpy
 .text.memset   0xc0d048e4       0x8c /home/kriszhao/bolos-devenv/gcc-arm-none-eabi-5_3-2016q1/bin/../lib/gcc/arm-none-eabi/5.3.1/../../../../arm-none-eabi/lib/armv6-m/libc.a(lib_a-memset.o)
                0xc0d048e4                memset
 .text          0xc0d04970       0x34 /home/kriszhao/bolos-devenv/gcc-arm-none-eabi-5_3-2016q1/bin/../lib/gcc/arm-none-eabi/5.3.1/../../../../arm-none-eabi/lib/armv6-m/libc.a(lib_a-setjmp.o)
                0xc0d04970                setjmp
                0xc0d04988                longjmp
 .text.strlen   0xc0d049a4       0x68 /home/kriszhao/bolos-devenv/gcc-arm-none-eabi-5_3-2016q1/bin/../lib/gcc/arm-none-eabi/5.3.1/../../../../arm-none-eabi/lib/armv6-m/libc.a(lib_a-strlen-stub.o)
                0xc0d049a4                strlen
 *(.rodata)
 *(.rodata.[^N]*)
 .rodata.TXT_BLANK
                0xc0d04a0c       0x12 obj/ont.o
 .rodata.cst16  0xc0d04a1e       0x10 obj/ont.o
 .rodata.BASE_58_ALPHABET
                0xc0d04a2e       0x3a obj/ont.o
 .rodata.SW_INTERNAL
                0xc0d04a68        0x2 obj/u2f_impl.o
 .rodata.SW_BUSY
                0xc0d04a6a        0x2 obj/u2f_impl.o
 .rodata.SW_WRONG_LENGTH
                0xc0d04a6c        0x2 obj/u2f_impl.o
 .rodata.SW_BAD_KEY_HANDLE
                0xc0d04a6e        0x2 obj/u2f_impl.o
 .rodata.U2F_VERSION
                0xc0d04a70        0x8 obj/u2f_impl.o
 .rodata.INFO   0xc0d04a78        0x4 obj/u2f_impl.o
 .rodata.SW_UNKNOWN_CLASS
                0xc0d04a7c        0x2 obj/u2f_impl.o
 .rodata.SW_UNKNOWN_INSTRUCTION
                0xc0d04a7e        0x2 obj/u2f_impl.o
 .rodata.BROADCAST_CHANNEL
                0xc0d04a80        0x4 obj/u2f_transport.o
 .rodata.FORBIDDEN_CHANNEL
                0xc0d04a84        0x4 obj/u2f_transport.o
 .rodata.str1.1
                0xc0d04a88       0x39 obj/ui.o
 *fill*         0xc0d04ac1        0x3 00
 .rodata.bagl_ui_idle_blue
                0xc0d04ac4      0x118 obj/ui.o
 .rodata.bagl_ui_idle_nanos
                0xc0d04bdc       0xe0 obj/ui.o
 .rodata.bagl_ui_public_key_nanos_1
                0xc0d04cbc      0x118 obj/ui.o
 .rodata.bagl_ui_public_key_nanos_2
                0xc0d04dd4      0x118 obj/ui.o
 .rodata.bagl_ui_top_sign_blue
                0xc0d04eec      0x188 obj/ui.o
 .rodata.bagl_ui_deny_blue
                0xc0d05074      0x188 obj/ui.o
 .rodata.bagl_ui_deny_nanos
                0xc0d051fc      0x150 obj/ui.o
 .rodata.bagl_ui_tx_desc_blue
                0xc0d0534c      0x1c0 obj/ui.o
 .rodata.bagl_ui_tx_desc_nanos_1
                0xc0d0550c      0x150 obj/ui.o
 .rodata.bagl_ui_tx_desc_nanos_2
                0xc0d0565c      0x150 obj/ui.o
 .rodata.bagl_ui_top_sign_nanos
                0xc0d057ac      0x150 obj/ui.o
 .rodata.USBD_HID_Desc_fido
                0xc0d058fc        0x9 obj/usbd_impl.o
                0xc0d058fc                USBD_HID_Desc_fido
 *fill*         0xc0d05905        0x3 00
 .rodata.USBD_HID_Desc
                0xc0d05908        0x9 obj/usbd_impl.o
                0xc0d05908                USBD_HID_Desc
 .rodata.HID_ReportDesc_fido
                0xc0d05911       0x22 obj/usbd_impl.o
 .rodata.HID_ReportDesc
                0xc0d05933       0x22 obj/usbd_impl.o
 *fill*         0xc0d05955        0x3 00
 .rodata.HID_Desc
                0xc0d05958       0x20 obj/usbd_impl.o
                0xc0d05958                HID_Desc
 .rodata.USBD_HID
                0xc0d05978       0x38 obj/usbd_impl.o
 .rodata.USBD_U2F
                0xc0d059b0       0x38 obj/usbd_impl.o
 .rodata.USBD_DeviceDesc
                0xc0d059e8       0x12 obj/usbd_impl.o
 .rodata.USBD_LangIDDesc
                0xc0d059fa        0x4 obj/usbd_impl.o
 .rodata.USBD_MANUFACTURER_STRING
                0xc0d059fe        0xe obj/usbd_impl.o
 .rodata.USBD_PRODUCT_FS_STRING
                0xc0d05a0c        0xe obj/usbd_impl.o
 .rodata.USB_SERIAL_STRING
                0xc0d05a1a        0xa obj/usbd_impl.o
 .rodata.USBD_CfgDesc
                0xc0d05a24       0x49 obj/usbd_impl.o
 *fill*         0xc0d05a6d        0x3 00
 .rodata.USBD_DeviceQualifierDesc
                0xc0d05a70        0xa obj/usbd_impl.o
 *(.rodata.N[^_]*)
                0xc0d05a7c                . = ALIGN (0x4)
 *fill*         0xc0d05a7a        0x2 00
                0xc0d05a7c                _etext = .
                0xc0d05a80                . = ALIGN (PAGE_SIZE)
 *fill*         0xc0d05a7c        0x4 00
                0xc0d05a80                _nvram_data = .
 *(.bss.N_* .rodata.N_*)
                0xc0d05a80                . = ALIGN (PAGE_SIZE)
                0xc0d05a80                _install_parameters = .
                [!provide]                PROVIDE (N_install_parameters, .)
                0xc0d05a80                _envram = .
                0x00000000                _nvram_data_size = (_envram - _nvram_data)

.glue_7         0xc0d05a80        0x0
 .glue_7        0xc0d05a80        0x0 linker stubs

.glue_7t        0xc0d05a80        0x0
 .glue_7t       0xc0d05a80        0x0 linker stubs

.vfp11_veneer   0xc0d05a80        0x0
 .vfp11_veneer  0xc0d05a80        0x0 linker stubs

.v4_bx          0xc0d05a80        0x0
 .v4_bx         0xc0d05a80        0x0 linker stubs

.iplt           0xc0d05a80        0x0
 .iplt          0xc0d05a80        0x0 obj/cx_compliance_141.o

.data           0xd0000000        0x0
                0xd0000000                . = ALIGN (0x4)
                0xd0000000                _data = .
 *(vtable)
 *(.data*)
                0xd0000000                _edata = .

.igot.plt       0xd0000000        0x0
 .igot.plt      0xd0000000        0x0 obj/cx_compliance_141.o

.bss            0x20001800      0xcf0
                0x20001800                _bss = .
 *(.bss*)
 .bss.G_io_seproxyhal_spi_buffer
                0x20001800       0x80 obj/main.o
                0x20001800                G_io_seproxyhal_spi_buffer
 .bss.to_address.address_hash
                0x20001880       0x6c obj/ont.o
 .bss.G_io_usb_hid_sequence_number
                0x200018ec        0x4 obj/os.o
                0x200018ec                G_io_usb_hid_sequence_number
 .bss.G_io_usb_hid_total_length
                0x200018f0        0x4 obj/os.o
                0x200018f0                G_io_usb_hid_total_length
 .bss.G_io_usb_hid_remaining_length
                0x200018f4        0x4 obj/os.o
                0x200018f4                G_io_usb_hid_remaining_length
 .bss.G_io_apdu_buffer
                0x200018f8      0x151 obj/os.o
                0x200018f8                G_io_apdu_buffer
 *fill*         0x20001a49        0x3 00
 .bss.G_io_usb_hid_current_buffer
                0x20001a4c        0x4 obj/os.o
                0x20001a4c                G_io_usb_hid_current_buffer
 .bss.G_io_usb_hid_channel
                0x20001a50        0x4 obj/os.o
                0x20001a50                G_io_usb_hid_channel
 .bss.G_io_timeout_limit
                0x20001a54        0x4 obj/os_io_seproxyhal.o
                0x20001a54                G_io_timeout_limit
 .bss.G_io_timeout
                0x20001a58        0x4 obj/os_io_seproxyhal.o
                0x20001a58                G_io_timeout
 .bss.G_io_apdu_media
                0x20001a5c        0x1 obj/os_io_seproxyhal.o
                0x20001a5c                G_io_apdu_media
 .bss.G_io_usb_ep_xfer_len
                0x20001a5d        0x7 obj/os_io_seproxyhal.o
 .bss.G_io_apdu_state
                0x20001a64        0x1 obj/os_io_seproxyhal.o
                0x20001a64                G_io_apdu_state
 *fill*         0x20001a65        0x1 00
 .bss.G_io_apdu_length
                0x20001a66        0x2 obj/os_io_seproxyhal.o
                0x20001a66                G_io_apdu_length
 .bss.G_io_apdu_offset
                0x20001a68        0x2 obj/os_io_seproxyhal.o
                0x20001a68                G_io_apdu_offset
 .bss.G_io_apdu_seq
                0x20001a6a        0x2 obj/os_io_seproxyhal.o
                0x20001a6a                G_io_apdu_seq
 .bss.G_bagl_last_touched_not_released_component
                0x20001a6c        0x4 obj/os_io_seproxyhal.o
                0x20001a6c                G_bagl_last_touched_not_released_component
 .bss.G_button_mask
                0x20001a70        0x4 obj/os_io_seproxyhal.o
                0x20001a70                G_button_mask
 .bss.G_button_same_mask_counter
                0x20001a74        0x4 obj/os_io_seproxyhal.o
                0x20001a74                G_button_same_mask_counter
 .bss.G_io_u2f  0x20001a78       0x38 obj/os_io_seproxyhal.o
                0x20001a78                G_io_u2f
 .bss.G_io_usb_ep_buffer
                0x20001ab0       0x40 obj/os_io_seproxyhal.o
                0x20001ab0                G_io_usb_ep_buffer
 .bss.raw_tx_len
                0x20001af0        0x4 obj/ui.o
                0x20001af0                raw_tx_len
 .bss.hash      0x20001af4       0x6c obj/ui.o
                0x20001af4                hash
 .bss.raw_tx    0x20001b60      0x400 obj/ui.o
                0x20001b60                raw_tx
 .bss.hashTainted
                0x20001f60        0x1 obj/ui.o
                0x20001f60                hashTainted
 *fill*         0x20001f61        0x3 00
 .bss.raw_tx_ix
                0x20001f64        0x4 obj/ui.o
                0x20001f64                raw_tx_ix
 .bss.uiState   0x20001f68        0x1 obj/ui.o
                0x20001f68                uiState
 *fill*         0x20001f69        0x3 00
 .bss.ux        0x20001f6c       0xb0 obj/ui.o
                0x20001f6c                ux
 .bss.exit_timer
                0x2000201c        0x4 obj/ui.o
                0x2000201c                exit_timer
 .bss.timer_desc
                0x20002020        0x4 obj/ui.o
                0x20002020                timer_desc
 .bss.publicKeyNeedsRefresh
                0x20002024        0x1 obj/ui.o
                0x20002024                publicKeyNeedsRefresh
 *fill*         0x20002025        0x3 00
 .bss.curr_scr_ix
                0x20002028        0x4 obj/ui.o
                0x20002028                curr_scr_ix
 .bss.max_scr_ix
                0x2000202c        0x4 obj/ui.o
                0x2000202c                max_scr_ix
 .bss.curr_tx_desc
                0x20002030       0x48 obj/ui.o
                0x20002030                curr_tx_desc
 .bss.current_public_key
                0x20002078       0x36 obj/ui.o
                0x20002078                current_public_key
 *fill*         0x200020ae        0x2 00
 .bss.ep_in_stall
                0x200020b0        0x4 obj/usbd_conf.o
                0x200020b0                ep_in_stall
 .bss.ep_out_stall
                0x200020b4        0x4 obj/usbd_conf.o
                0x200020b4                ep_out_stall
 .bss.USBD_Device
                0x200020b8      0x134 obj/usbd_core.o
                0x200020b8                USBD_Device
                0x200021ec                _ebss = .
                0x200021ec                . = ALIGN (0x4)
                0x200021ec                app_stack_canary = .
                [!provide]                PROVIDE (app_stack_canary, .)
                0x200021f0                . = (. + 0x4)
 *fill*         0x200021ec        0x4 00
                0x200021f0                _stack = .
                0x200024f0                . = (_stack + STACK_SIZE)
 *fill*         0x200021f0      0x300 00
                [!provide]                PROVIDE (_stack_size, STACK_SIZE)
                [!provide]                PROVIDE (_estack, ABSOLUTE (END_STACK))

DEBUG           0xd0000000        0x8
 libc.a(*)
 libm.a(*)
 libgcc.a(*)
 *(.ARM.exidx* .gnu.linkonce.armexidx.*)
 .ARM.exidx.text.cx_hash_X
                0xd0000000        0x0 obj/cx_compliance_141.o
                                  0x8 (size before relaxing)
 .ARM.exidx.text.cx_ecfp_get_domain_length
                0xd0000000        0x0 obj/cx_compliance_141.o
                                  0x8 (size before relaxing)
 .ARM.exidx.text.cx_ecdsa_sign_X
                0xd0000000        0x0 obj/cx_compliance_141.o
                                  0x8 (size before relaxing)
 .ARM.exidx.text.io_exchange_al
                0xd0000000        0x0 obj/main.o
                                  0x8 (size before relaxing)
 .ARM.exidx.text.io_seproxyhal_display
                0xd0000000        0x0 obj/main.o
                                  0x8 (size before relaxing)
 .ARM.exidx.text.io_event
                0xd0000000        0x0 obj/main.o
                                  0x8 (size before relaxing)
 .ARM.exidx.boot
                0xd0000000        0x8 obj/main.o
 .ARM.exidx.text.ont_main
                0xd0000008        0x0 obj/main.o
                                  0x8 (size before relaxing)
 .ARM.exidx.text.display_tx_desc
                0xd0000008        0x0 obj/ont.o
                                  0x8 (size before relaxing)
 .ARM.exidx.text.to_address
                0xd0000008        0x0 obj/ont.o
                                  0x8 (size before relaxing)
 .ARM.exidx.text.public_key_hash160
                0xd0000008        0x0 obj/ont.o
                                  0x8 (size before relaxing)
 .ARM.exidx.text.display_public_key
                0xd0000008        0x0 obj/ont.o
                                  0x8 (size before relaxing)
 .ARM.exidx.text.encode_base_x
                0xd0000008        0x0 obj/ont.o
                                  0x8 (size before relaxing)
 .ARM.exidx.text.os_boot
                0xd0000008        0x0 obj/os.o
                                  0x8 (size before relaxing)
 .ARM.exidx.text.try_context_set
                0xd0000008        0x0 obj/os.o
                                  0x8 (size before relaxing)
 .ARM.exidx.text.io_usb_hid_receive
                0xd0000008        0x0 obj/os.o
                                  0x8 (size before relaxing)
 .ARM.exidx.text.os_memset
                0xd0000008        0x0 obj/os.o
                                  0x8 (size before relaxing)
 .ARM.exidx.text.os_memmove
                0xd0000008        0x0 obj/os.o
                                  0x8 (size before relaxing)
 .ARM.exidx.text.io_usb_hid_init
                0xd0000008        0x0 obj/os.o
                                  0x8 (size before relaxing)
 .ARM.exidx.text.io_usb_hid_exchange
                0xd0000008        0x0 obj/os.o
                                  0x8 (size before relaxing)
 .ARM.exidx.text.os_memcmp
                0xd0000008        0x0 obj/os.o
                                  0x8 (size before relaxing)
 .ARM.exidx.text.os_longjmp
                0xd0000008        0x0 obj/os.o
                                  0x8 (size before relaxing)
 .ARM.exidx.text.try_context_get
                0xd0000008        0x0 obj/os.o
                                  0x8 (size before relaxing)
 .ARM.exidx.text.try_context_get_previous
                0xd0000008        0x0 obj/os.o
                                  0x8 (size before relaxing)
 .ARM.exidx.text.io_seproxyhal_general_status
                0xd0000008        0x0 obj/os_io_seproxyhal.o
                                  0x8 (size before relaxing)
 .ARM.exidx.text.io_seproxyhal_handle_usb_event
                0xd0000008        0x0 obj/os_io_seproxyhal.o
                                  0x8 (size before relaxing)
 .ARM.exidx.text.io_seproxyhal_get_ep_rx_size
                0xd0000008        0x0 obj/os_io_seproxyhal.o
                                  0x8 (size before relaxing)
 .ARM.exidx.text.io_seproxyhal_handle_usb_ep_xfer_event
                0xd0000008        0x0 obj/os_io_seproxyhal.o
                                  0x8 (size before relaxing)
 .ARM.exidx.text.io_usb_send_ep
                0xd0000008        0x0 obj/os_io_seproxyhal.o
                                  0x8 (size before relaxing)
 .ARM.exidx.text.io_seproxyhal_handle_event
                0xd0000008        0x0 obj/os_io_seproxyhal.o
                                  0x8 (size before relaxing)
 .ARM.exidx.text.io_usb_send_apdu_data
                0xd0000008        0x0 obj/os_io_seproxyhal.o
                                  0x8 (size before relaxing)
 .ARM.exidx.text.io_seproxyhal_handle_capdu_event
                0xd0000008        0x0 obj/os_io_seproxyhal.o
                                  0x8 (size before relaxing)
 .ARM.exidx.text.io_seproxyhal_init
                0xd0000008        0x0 obj/os_io_seproxyhal.o
                                  0x8 (size before relaxing)
 .ARM.exidx.text.io_seproxyhal_init_ux
                0xd0000008        0x0 obj/os_io_seproxyhal.o
                                  0x8 (size before relaxing)
 .ARM.exidx.text.io_seproxyhal_touch_out
                0xd0000008        0x0 obj/os_io_seproxyhal.o
                                  0x8 (size before relaxing)
 .ARM.exidx.text.io_seproxyhal_touch_over
                0xd0000008        0x0 obj/os_io_seproxyhal.o
                                  0x8 (size before relaxing)
 .ARM.exidx.text.io_seproxyhal_touch_tap
                0xd0000008        0x0 obj/os_io_seproxyhal.o
                                  0x8 (size before relaxing)
 .ARM.exidx.text.io_seproxyhal_touch_element_callback
                0xd0000008        0x0 obj/os_io_seproxyhal.o
                                  0x8 (size before relaxing)
 .ARM.exidx.text.io_seproxyhal_display_icon
                0xd0000008        0x0 obj/os_io_seproxyhal.o
                                  0x8 (size before relaxing)
 .ARM.exidx.text.io_seproxyhal_display_default
                0xd0000008        0x0 obj/os_io_seproxyhal.o
                                  0x8 (size before relaxing)
 .ARM.exidx.text.io_seproxyhal_button_push
                0xd0000008        0x0 obj/os_io_seproxyhal.o
                                  0x8 (size before relaxing)
 .ARM.exidx.text.io_exchange
                0xd0000008        0x0 obj/os_io_seproxyhal.o
                                  0x8 (size before relaxing)
 .ARM.exidx.text.ux_check_status_default
                0xd0000008        0x0 obj/os_io_seproxyhal.o
                                  0x8 (size before relaxing)
 .ARM.exidx.text.snprintf
                0xd0000008        0x0 obj/os_printf.o
                                  0x8 (size before relaxing)
 .ARM.exidx.text.pic
                0xd0000008        0x0 obj/pic.o
                                  0x8 (size before relaxing)
 .ARM.exidx.text.pic_internal
                0xd0000008        0x0 obj/pic_internal.o
                                  0x8 (size before relaxing)
 .ARM.exidx.text.SVC_Call
                0xd0000008        0x0 obj/syscalls.o
                                  0x8 (size before relaxing)
 .ARM.exidx.text.check_api_level
                0xd0000008        0x0 obj/syscalls.o
                                  0x8 (size before relaxing)
 .ARM.exidx.text.reset
                0xd0000008        0x0 obj/syscalls.o
                                  0x8 (size before relaxing)
 .ARM.exidx.text.cx_rng
                0xd0000008        0x0 obj/syscalls.o
                                  0x8 (size before relaxing)
 .ARM.exidx.text.cx_hash
                0xd0000008        0x0 obj/syscalls.o
                                  0x8 (size before relaxing)
 .ARM.exidx.text.cx_ripemd160_init
                0xd0000008        0x0 obj/syscalls.o
                                  0x8 (size before relaxing)
 .ARM.exidx.text.cx_sha256_init
                0xd0000008        0x0 obj/syscalls.o
                                  0x8 (size before relaxing)
 .ARM.exidx.text.cx_ecfp_init_public_key
                0xd0000008        0x0 obj/syscalls.o
                                  0x8 (size before relaxing)
 .ARM.exidx.text.cx_ecfp_init_private_key
                0xd0000008        0x0 obj/syscalls.o
                                  0x8 (size before relaxing)
 .ARM.exidx.text.cx_ecfp_generate_pair
                0xd0000008        0x0 obj/syscalls.o
                                  0x8 (size before relaxing)
 .ARM.exidx.text.cx_ecdsa_sign
                0xd0000008        0x0 obj/syscalls.o
                                  0x8 (size before relaxing)
 .ARM.exidx.text.os_perso_derive_node_bip32
                0xd0000008        0x0 obj/syscalls.o
                                  0x8 (size before relaxing)
 .ARM.exidx.text.os_sched_exit
                0xd0000008        0x0 obj/syscalls.o
                                  0x8 (size before relaxing)
 .ARM.exidx.text.os_ux
                0xd0000008        0x0 obj/syscalls.o
                                  0x8 (size before relaxing)
 .ARM.exidx.text.os_seph_features
                0xd0000008        0x0 obj/syscalls.o
                                  0x8 (size before relaxing)
 .ARM.exidx.text.io_seproxyhal_spi_send
                0xd0000008        0x0 obj/syscalls.o
                                  0x8 (size before relaxing)
 .ARM.exidx.text.io_seproxyhal_spi_is_status_sent
                0xd0000008        0x0 obj/syscalls.o
                                  0x8 (size before relaxing)
 .ARM.exidx.text.io_seproxyhal_spi_recv
                0xd0000008        0x0 obj/syscalls.o
                                  0x8 (size before relaxing)
 .ARM.exidx.text.u2f_apdu_sign
                0xd0000008        0x0 obj/u2f_impl.o
                                  0x8 (size before relaxing)
 .ARM.exidx.text.u2f_handle_cmd_init
                0xd0000008        0x0 obj/u2f_impl.o
                                  0x8 (size before relaxing)
 .ARM.exidx.text.u2f_handle_cmd_msg
                0xd0000008        0x0 obj/u2f_impl.o
                                  0x8 (size before relaxing)
 .ARM.exidx.text.u2f_message_complete
                0xd0000008        0x0 obj/u2f_impl.o
                                  0x8 (size before relaxing)
 .ARM.exidx.text.u2f_io_send
                0xd0000008        0x0 obj/u2f_io.o
                                  0x8 (size before relaxing)
 .ARM.exidx.text.u2f_transport_init
                0xd0000008        0x0 obj/u2f_transport.o
                                  0x8 (size before relaxing)
 .ARM.exidx.text.u2f_transport_sent
                0xd0000008        0x0 obj/u2f_transport.o
                                  0x8 (size before relaxing)
 .ARM.exidx.text.u2f_transport_received
                0xd0000008        0x0 obj/u2f_transport.o
                                  0x8 (size before relaxing)
 .ARM.exidx.text.u2f_is_channel_broadcast
                0xd0000008        0x0 obj/u2f_transport.o
                                  0x8 (size before relaxing)
 .ARM.exidx.text.u2f_message_reply
                0xd0000008        0x0 obj/u2f_transport.o
                                  0x8 (size before relaxing)
 .ARM.exidx.text.io_seproxyhal_touch_approve
                0xd0000008        0x0 obj/ui.o
                                  0x8 (size before relaxing)
 .ARM.exidx.text.ui_idle
                0xd0000008        0x0 obj/ui.o
                                  0x8 (size before relaxing)
 .ARM.exidx.text.bagl_ui_idle_blue_button
                0xd0000008        0x0 obj/ui.o
                                  0x8 (size before relaxing)
 .ARM.exidx.text.bagl_ui_idle_nanos_button
                0xd0000008        0x0 obj/ui.o
                                  0x8 (size before relaxing)
 .ARM.exidx.text.ui_top_sign
                0xd0000008        0x0 obj/ui.o
                                  0x8 (size before relaxing)
 .ARM.exidx.text.bagl_ui_top_sign_blue_button
                0xd0000008        0x0 obj/ui.o
                                  0x8 (size before relaxing)
 .ARM.exidx.text.bagl_ui_top_sign_nanos_button
                0xd0000008        0x0 obj/ui.o
                                  0x8 (size before relaxing)
 .ARM.exidx.text.get_apdu_buffer_length
                0xd0000008        0x0 obj/ui.o
                                  0x8 (size before relaxing)
 .ARM.exidx.text.io_seproxyhal_touch_exit
                0xd0000008        0x0 obj/ui.o
                                  0x8 (size before relaxing)
 .ARM.exidx.text.ui_public_key_1
                0xd0000008        0x0 obj/ui.o
                                  0x8 (size before relaxing)
 .ARM.exidx.text.bagl_ui_public_key_nanos_1_button
                0xd0000008        0x0 obj/ui.o
                                  0x8 (size before relaxing)
 .ARM.exidx.text.bagl_ui_public_key_nanos_2_button
                0xd0000008        0x0 obj/ui.o
                                  0x8 (size before relaxing)
 .ARM.exidx.text.tx_desc_up
                0xd0000008        0x0 obj/ui.o
                                  0x8 (size before relaxing)
 .ARM.exidx.text.tx_desc_dn
                0xd0000008        0x0 obj/ui.o
                                  0x8 (size before relaxing)
 .ARM.exidx.text.ui_deny
                0xd0000008        0x0 obj/ui.o
                                  0x8 (size before relaxing)
 .ARM.exidx.text.ui_display_tx_desc_1
                0xd0000008        0x0 obj/ui.o
                                  0x8 (size before relaxing)
 .ARM.exidx.text.ui_display_tx_desc_2
                0xd0000008        0x0 obj/ui.o
                                  0x8 (size before relaxing)
 .ARM.exidx.text.ui_sign
                0xd0000008        0x0 obj/ui.o
                                  0x8 (size before relaxing)
 .ARM.exidx.text.bagl_ui_deny_blue_button
                0xd0000008        0x0 obj/ui.o
                                  0x8 (size before relaxing)
 .ARM.exidx.text.bagl_ui_deny_nanos_button
                0xd0000008        0x0 obj/ui.o
                                  0x8 (size before relaxing)
 .ARM.exidx.text.io_seproxyhal_touch_deny
                0xd0000008        0x0 obj/ui.o
                                  0x8 (size before relaxing)
 .ARM.exidx.text.bagl_ui_tx_desc_blue_button
                0xd0000008        0x0 obj/ui.o
                                  0x8 (size before relaxing)
 .ARM.exidx.text.bagl_ui_tx_desc_nanos_1_button
                0xd0000008        0x0 obj/ui.o
                                  0x8 (size before relaxing)
 .ARM.exidx.text.bagl_ui_tx_desc_nanos_2_button
                0xd0000008        0x0 obj/ui.o
                                  0x8 (size before relaxing)
 .ARM.exidx.text.USBD_LL_Init
                0xd0000008        0x0 obj/usbd_conf.o
                                  0x8 (size before relaxing)
 .ARM.exidx.text.USBD_LL_DeInit
                0xd0000008        0x0 obj/usbd_conf.o
                                  0x8 (size before relaxing)
 .ARM.exidx.text.USBD_LL_Start
                0xd0000008        0x0 obj/usbd_conf.o
                                  0x8 (size before relaxing)
 .ARM.exidx.text.USBD_LL_Stop
                0xd0000008        0x0 obj/usbd_conf.o
                                  0x8 (size before relaxing)
 .ARM.exidx.text.USBD_LL_OpenEP
                0xd0000008        0x0 obj/usbd_conf.o
                                  0x8 (size before relaxing)
 .ARM.exidx.text.USBD_LL_CloseEP
                0xd0000008        0x0 obj/usbd_conf.o
                                  0x8 (size before relaxing)
 .ARM.exidx.text.USBD_LL_StallEP
                0xd0000008        0x0 obj/usbd_conf.o
                                  0x8 (size before relaxing)
 .ARM.exidx.text.USBD_LL_ClearStallEP
                0xd0000008        0x0 obj/usbd_conf.o
                                  0x8 (size before relaxing)
 .ARM.exidx.text.USBD_LL_IsStallEP
                0xd0000008        0x0 obj/usbd_conf.o
                                  0x8 (size before relaxing)
 .ARM.exidx.text.USBD_LL_SetUSBAddress
                0xd0000008        0x0 obj/usbd_conf.o
                                  0x8 (size before relaxing)
 .ARM.exidx.text.USBD_LL_Transmit
                0xd0000008        0x0 obj/usbd_conf.o
                                  0x8 (size before relaxing)
 .ARM.exidx.text.USBD_LL_PrepareReceive
                0xd0000008        0x0 obj/usbd_conf.o
                                  0x8 (size before relaxing)
 .ARM.exidx.text.USBD_Init
                0xd0000008        0x0 obj/usbd_core.o
                                  0x8 (size before relaxing)
 .ARM.exidx.text.USBD_DeInit
                0xd0000008        0x0 obj/usbd_core.o
                                  0x8 (size before relaxing)
 .ARM.exidx.text.USBD_RegisterClassForInterface
                0xd0000008        0x0 obj/usbd_core.o
                                  0x8 (size before relaxing)
 .ARM.exidx.text.USBD_Start
                0xd0000008        0x0 obj/usbd_core.o
                                  0x8 (size before relaxing)
 .ARM.exidx.text.USBD_SetClassConfig
                0xd0000008        0x0 obj/usbd_core.o
                                  0x8 (size before relaxing)
 .ARM.exidx.text.USBD_ClrClassConfig
                0xd0000008        0x0 obj/usbd_core.o
                                  0x8 (size before relaxing)
 .ARM.exidx.text.USBD_LL_SetupStage
                0xd0000008        0x0 obj/usbd_core.o
                                  0x8 (size before relaxing)
 .ARM.exidx.text.USBD_LL_DataOutStage
                0xd0000008        0x0 obj/usbd_core.o
                                  0x8 (size before relaxing)
 .ARM.exidx.text.USBD_LL_DataInStage
                0xd0000008        0x0 obj/usbd_core.o
                                  0x8 (size before relaxing)
 .ARM.exidx.text.USBD_LL_Reset
                0xd0000008        0x0 obj/usbd_core.o
                                  0x8 (size before relaxing)
 .ARM.exidx.text.USBD_LL_SetSpeed
                0xd0000008        0x0 obj/usbd_core.o
                                  0x8 (size before relaxing)
 .ARM.exidx.text.USBD_LL_Suspend
                0xd0000008        0x0 obj/usbd_core.o
                                  0x8 (size before relaxing)
 .ARM.exidx.text.USBD_LL_Resume
                0xd0000008        0x0 obj/usbd_core.o
                                  0x8 (size before relaxing)
 .ARM.exidx.text.USBD_LL_SOF
                0xd0000008        0x0 obj/usbd_core.o
                                  0x8 (size before relaxing)
 .ARM.exidx.text.usbd_is_valid_intf
                0xd0000008        0x0 obj/usbd_ctlreq.o
                                  0x8 (size before relaxing)
 .ARM.exidx.text.USBD_StdDevReq
                0xd0000008        0x0 obj/usbd_ctlreq.o
                                  0x8 (size before relaxing)
 .ARM.exidx.text.USBD_GetDescriptor
                0xd0000008        0x0 obj/usbd_ctlreq.o
                                  0x8 (size before relaxing)
 .ARM.exidx.text.USBD_SetAddress
                0xd0000008        0x0 obj/usbd_ctlreq.o
                                  0x8 (size before relaxing)
 .ARM.exidx.text.USBD_SetConfig
                0xd0000008        0x0 obj/usbd_ctlreq.o
                                  0x8 (size before relaxing)
 .ARM.exidx.text.USBD_GetConfig
                0xd0000008        0x0 obj/usbd_ctlreq.o
                                  0x8 (size before relaxing)
 .ARM.exidx.text.USBD_GetStatus
                0xd0000008        0x0 obj/usbd_ctlreq.o
                                  0x8 (size before relaxing)
 .ARM.exidx.text.USBD_SetFeature
                0xd0000008        0x0 obj/usbd_ctlreq.o
                                  0x8 (size before relaxing)
 .ARM.exidx.text.USBD_ClrFeature
                0xd0000008        0x0 obj/usbd_ctlreq.o
                                  0x8 (size before relaxing)
 .ARM.exidx.text.USBD_CtlError
                0xd0000008        0x0 obj/usbd_ctlreq.o
                                  0x8 (size before relaxing)
 .ARM.exidx.text.USBD_StdItfReq
                0xd0000008        0x0 obj/usbd_ctlreq.o
                                  0x8 (size before relaxing)
 .ARM.exidx.text.USBD_StdEPReq
                0xd0000008        0x0 obj/usbd_ctlreq.o
                                  0x8 (size before relaxing)
 .ARM.exidx.text.USBD_ParseSetupRequest
                0xd0000008        0x0 obj/usbd_ctlreq.o
                                  0x8 (size before relaxing)
 .ARM.exidx.text.USBD_HID_Setup
                0xd0000008        0x0 obj/usbd_hid.o
                                  0x8 (size before relaxing)
 .ARM.exidx.text.USBD_HID_Init
                0xd0000008        0x0 obj/usbd_hid.o
                                  0x8 (size before relaxing)
 .ARM.exidx.text.USBD_HID_DeInit
                0xd0000008        0x0 obj/usbd_hid.o
                                  0x8 (size before relaxing)
 .ARM.exidx.text.USBD_HID_GetHidDescriptor_impl
                0xd0000008        0x0 obj/usbd_impl.o
                                  0x8 (size before relaxing)
 .ARM.exidx.text.USBD_HID_GetReportDescriptor_impl
                0xd0000008        0x0 obj/usbd_impl.o
                                  0x8 (size before relaxing)
 .ARM.exidx.text.USBD_U2F_DataIn_impl
                0xd0000008        0x0 obj/usbd_impl.o
                                  0x8 (size before relaxing)
 .ARM.exidx.text.USBD_U2F_DataOut_impl
                0xd0000008        0x0 obj/usbd_impl.o
                                  0x8 (size before relaxing)
 .ARM.exidx.text.USBD_HID_DataOut_impl
                0xd0000008        0x0 obj/usbd_impl.o
                                  0x8 (size before relaxing)
 .ARM.exidx.text.USBD_DeviceDescriptor
                0xd0000008        0x0 obj/usbd_impl.o
                                  0x8 (size before relaxing)
 .ARM.exidx.text.USBD_LangIDStrDescriptor
                0xd0000008        0x0 obj/usbd_impl.o
                                  0x8 (size before relaxing)
 .ARM.exidx.text.USBD_ManufacturerStrDescriptor
                0xd0000008        0x0 obj/usbd_impl.o
                                  0x8 (size before relaxing)
 .ARM.exidx.text.USBD_ProductStrDescriptor
                0xd0000008        0x0 obj/usbd_impl.o
                                  0x8 (size before relaxing)
 .ARM.exidx.text.USBD_SerialStrDescriptor
                0xd0000008        0x0 obj/usbd_impl.o
                                  0x8 (size before relaxing)
 .ARM.exidx.text.USBD_ConfigStrDescriptor
                0xd0000008        0x0 obj/usbd_impl.o
                                  0x8 (size before relaxing)
 .ARM.exidx.text.USBD_InterfaceStrDescriptor
                0xd0000008        0x0 obj/usbd_impl.o
                                  0x8 (size before relaxing)
 .ARM.exidx.text.USB_power
                0xd0000008        0x0 obj/usbd_impl.o
                                  0x8 (size before relaxing)
 .ARM.exidx.text.USBD_GetCfgDesc_impl
                0xd0000008        0x0 obj/usbd_impl.o
                                  0x8 (size before relaxing)
 .ARM.exidx.text.USBD_GetDeviceQualifierDesc_impl
                0xd0000008        0x0 obj/usbd_impl.o
                                  0x8 (size before relaxing)
 .ARM.exidx.text.USBD_CtlSendData
                0xd0000008        0x0 obj/usbd_ioreq.o
                                  0x8 (size before relaxing)
 .ARM.exidx.text.USBD_CtlContinueSendData
                0xd0000008        0x0 obj/usbd_ioreq.o
                                  0x8 (size before relaxing)
 .ARM.exidx.text.USBD_CtlContinueRx
                0xd0000008        0x0 obj/usbd_ioreq.o
                                  0x8 (size before relaxing)
 .ARM.exidx.text.USBD_CtlSendStatus
                0xd0000008        0x0 obj/usbd_ioreq.o
                                  0x8 (size before relaxing)
 .ARM.exidx.text.USBD_CtlReceiveStatus
                0xd0000008        0x0 obj/usbd_ioreq.o
                                  0x8 (size before relaxing)

.rel.dyn        0xd0000008        0x0
 .rel.iplt      0xd0000008        0x0 obj/cx_compliance_141.o

.stab
 *(.stab)

.stabstr
 *(.stabstr)

.stab.excl
 *(.stab.excl)

.stab.exclstr
 *(.stab.exclstr)

.stab.index
 *(.stab.index)

.stab.indexstr
 *(.stab.indexstr)

.comment        0x00000000       0x2d
 *(.comment)
 .comment       0x00000000       0x2d obj/cx_compliance_141.o
                                 0x2e (size before relaxing)
 .comment       0x0000002d       0x2e obj/main.o
 .comment       0x0000002d       0x2e obj/ont.o
 .comment       0x0000002d       0x2e obj/os.o
 .comment       0x0000002d       0x2e obj/os_io_seproxyhal.o
 .comment       0x0000002d       0x2e obj/os_printf.o
 .comment       0x0000002d       0x2e obj/pic.o
 .comment       0x0000002d       0x2e obj/pic_internal.o
 .comment       0x0000002d       0x2e obj/syscalls.o
 .comment       0x0000002d       0x2e obj/u2f_impl.o
 .comment       0x0000002d       0x2e obj/u2f_io.o
 .comment       0x0000002d       0x2e obj/u2f_transport.o
 .comment       0x0000002d       0x2e obj/ui.o
 .comment       0x0000002d       0x2e obj/usbd_conf.o
 .comment       0x0000002d       0x2e obj/usbd_core.o
 .comment       0x0000002d       0x2e obj/usbd_ctlreq.o
 .comment       0x0000002d       0x2e obj/usbd_hid.o
 .comment       0x0000002d       0x2e obj/usbd_impl.o
 .comment       0x0000002d       0x2e obj/usbd_ioreq.o

.note.GNU-stack
                0x00000000        0x0
 .note.GNU-stack
                0x00000000        0x0 obj/cx_compliance_141.o
 .note.GNU-stack
                0x00000000        0x0 obj/main.o
 .note.GNU-stack
                0x00000000        0x0 obj/ont.o
 .note.GNU-stack
                0x00000000        0x0 obj/os.o
 .note.GNU-stack
                0x00000000        0x0 obj/os_io_seproxyhal.o
 .note.GNU-stack
                0x00000000        0x0 obj/os_printf.o
 .note.GNU-stack
                0x00000000        0x0 obj/pic.o
 .note.GNU-stack
                0x00000000        0x0 obj/pic_internal.o
 .note.GNU-stack
                0x00000000        0x0 obj/syscalls.o
 .note.GNU-stack
                0x00000000        0x0 obj/u2f_impl.o
 .note.GNU-stack
                0x00000000        0x0 obj/u2f_io.o
 .note.GNU-stack
                0x00000000        0x0 obj/u2f_transport.o
 .note.GNU-stack
                0x00000000        0x0 obj/ui.o
 .note.GNU-stack
                0x00000000        0x0 obj/usbd_conf.o
 .note.GNU-stack
                0x00000000        0x0 obj/usbd_core.o
 .note.GNU-stack
                0x00000000        0x0 obj/usbd_ctlreq.o
 .note.GNU-stack
                0x00000000        0x0 obj/usbd_hid.o
 .note.GNU-stack
                0x00000000        0x0 obj/usbd_impl.o
 .note.GNU-stack
                0x00000000        0x0 obj/usbd_ioreq.o

.ARM.attributes
                0x00000000       0x33
 .ARM.attributes
                0x00000000       0x41 obj/cx_compliance_141.o
 .ARM.attributes
                0x00000041       0x41 obj/main.o
 .ARM.attributes
                0x00000082       0x41 obj/ont.o
 .ARM.attributes
                0x000000c3       0x41 obj/os.o
 .ARM.attributes
                0x00000104       0x41 obj/os_io_seproxyhal.o
 .ARM.attributes
                0x00000145       0x41 obj/os_printf.o
 .ARM.attributes
                0x00000186       0x41 obj/pic.o
 .ARM.attributes
                0x000001c7       0x41 obj/pic_internal.o
 .ARM.attributes
                0x00000208       0x41 obj/syscalls.o
 .ARM.attributes
                0x00000249       0x41 obj/u2f_impl.o
 .ARM.attributes
                0x0000028a       0x41 obj/u2f_io.o
 .ARM.attributes
                0x000002cb       0x41 obj/u2f_transport.o
 .ARM.attributes
                0x0000030c       0x41 obj/ui.o
 .ARM.attributes
                0x0000034d       0x41 obj/usbd_conf.o
 .ARM.attributes
                0x0000038e       0x41 obj/usbd_core.o
 .ARM.attributes
                0x000003cf       0x41 obj/usbd_ctlreq.o
 .ARM.attributes
                0x00000410       0x41 obj/usbd_hid.o
 .ARM.attributes
                0x00000451       0x41 obj/usbd_impl.o
 .ARM.attributes
                0x00000492       0x41 obj/usbd_ioreq.o
 .ARM.attributes
                0x000004d3       0x1e /home/kriszhao/bolos-devenv/gcc-arm-none-eabi-5_3-2016q1/bin/../lib/gcc/arm-none-eabi/5.3.1/armv6-m/libgcc.a(_udivsi3.o)
 .ARM.attributes
                0x000004f1       0x1e /home/kriszhao/bolos-devenv/gcc-arm-none-eabi-5_3-2016q1/bin/../lib/gcc/arm-none-eabi/5.3.1/armv6-m/libgcc.a(_divsi3.o)
 .ARM.attributes
                0x0000050f       0x1e /home/kriszhao/bolos-devenv/gcc-arm-none-eabi-5_3-2016q1/bin/../lib/gcc/arm-none-eabi/5.3.1/armv6-m/libgcc.a(_dvmd_tls.o)
 .ARM.attributes
                0x0000052d       0x2c /home/kriszhao/bolos-devenv/gcc-arm-none-eabi-5_3-2016q1/bin/../lib/gcc/arm-none-eabi/5.3.1/../../../../arm-none-eabi/lib/armv6-m/libc.a(lib_a-aeabi_memclr.o)
 .ARM.attributes
                0x00000559       0x2c /home/kriszhao/bolos-devenv/gcc-arm-none-eabi-5_3-2016q1/bin/../lib/gcc/arm-none-eabi/5.3.1/../../../../arm-none-eabi/lib/armv6-m/libc.a(lib_a-aeabi_memcpy.o)
 .ARM.attributes
                0x00000585       0x2c /home/kriszhao/bolos-devenv/gcc-arm-none-eabi-5_3-2016q1/bin/../lib/gcc/arm-none-eabi/5.3.1/../../../../arm-none-eabi/lib/armv6-m/libc.a(lib_a-aeabi_memset.o)
 .ARM.attributes
                0x000005b1       0x2c /home/kriszhao/bolos-devenv/gcc-arm-none-eabi-5_3-2016q1/bin/../lib/gcc/arm-none-eabi/5.3.1/../../../../arm-none-eabi/lib/armv6-m/libc.a(lib_a-memcpy-stub.o)
 .ARM.attributes
                0x000005dd       0x2c /home/kriszhao/bolos-devenv/gcc-arm-none-eabi-5_3-2016q1/bin/../lib/gcc/arm-none-eabi/5.3.1/../../../../arm-none-eabi/lib/armv6-m/libc.a(lib_a-memset.o)
 .ARM.attributes
                0x00000609       0x1c /home/kriszhao/bolos-devenv/gcc-arm-none-eabi-5_3-2016q1/bin/../lib/gcc/arm-none-eabi/5.3.1/../../../../arm-none-eabi/lib/armv6-m/libc.a(lib_a-setjmp.o)
 .ARM.attributes
                0x00000625       0x2c /home/kriszhao/bolos-devenv/gcc-arm-none-eabi-5_3-2016q1/bin/../lib/gcc/arm-none-eabi/5.3.1/../../../../arm-none-eabi/lib/armv6-m/libc.a(lib_a-strlen-stub.o)

.debug
 *(.debug)

.line
 *(.line)

.debug_srcinfo
 *(.debug_srcinfo)

.debug_sfnames
 *(.debug_sfnames)

.debug_aranges
 *(.debug_aranges)

.debug_pubnames
                0x00000000     0x27c0
 *(.debug_pubnames)
 .debug_pubnames
                0x00000000      0x265 obj/cx_compliance_141.o
 .debug_pubnames
                0x00000265      0x115 obj/main.o
 .debug_pubnames
                0x0000037a      0x256 obj/ont.o
 .debug_pubnames
                0x000005d0      0x1af obj/os.o
 .debug_pubnames
                0x0000077f      0x6ac obj/os_io_seproxyhal.o
 .debug_pubnames
                0x00000e2b       0x3b obj/os_printf.o
 .debug_pubnames
                0x00000e66       0x1a obj/pic.o
 .debug_pubnames
                0x00000e80       0x23 obj/pic_internal.o
 .debug_pubnames
                0x00000ea3      0x9b0 obj/syscalls.o
 .debug_pubnames
                0x00001853      0x156 obj/u2f_impl.o
 .debug_pubnames
                0x000019a9       0x22 obj/u2f_io.o
 .debug_pubnames
                0x000019cb      0x107 obj/u2f_transport.o
 .debug_pubnames
                0x00001ad2      0x49b obj/ui.o
 .debug_pubnames
                0x00001f6d      0x142 obj/usbd_conf.o
 .debug_pubnames
                0x000020af      0x1f0 obj/usbd_core.o
 .debug_pubnames
                0x0000229f      0x14f obj/usbd_ctlreq.o
 .debug_pubnames
                0x000023ee       0x4b obj/usbd_hid.o
 .debug_pubnames
                0x00002439      0x2e5 obj/usbd_impl.o
 .debug_pubnames
                0x0000271e       0xa2 obj/usbd_ioreq.o

.debug_info     0x00000000     0xe949
 *(.debug_info .gnu.linkonce.wi.*)
 .debug_info    0x00000000      0xe61 obj/cx_compliance_141.o
 .debug_info    0x00000e61      0xc00 obj/main.o
 .debug_info    0x00001a61      0xf20 obj/ont.o
 .debug_info    0x00002981      0x599 obj/os.o
 .debug_info    0x00002f1a     0x1ae8 obj/os_io_seproxyhal.o
 .debug_info    0x00004a02      0x20a obj/os_printf.o
 .debug_info    0x00004c0c       0x55 obj/pic.o
 .debug_info    0x00004c61       0x45 obj/pic_internal.o
 .debug_info    0x00004ca6     0x43b0 obj/syscalls.o
 .debug_info    0x00009056      0x70a obj/u2f_impl.o
 .debug_info    0x00009760       0xcf obj/u2f_io.o
 .debug_info    0x0000982f      0x620 obj/u2f_transport.o
 .debug_info    0x00009e4f     0x1332 obj/ui.o
 .debug_info    0x0000b181      0x97a obj/usbd_conf.o
 .debug_info    0x0000bafb      0xb0e obj/usbd_core.o
 .debug_info    0x0000c609      0xac5 obj/usbd_ctlreq.o
 .debug_info    0x0000d0ce      0x691 obj/usbd_hid.o
 .debug_info    0x0000d75f      0xabb obj/usbd_impl.o
 .debug_info    0x0000e21a      0x72f obj/usbd_ioreq.o

.debug_abbrev   0x00000000     0x1d75
 *(.debug_abbrev)
 .debug_abbrev  0x00000000      0x10f obj/cx_compliance_141.o
 .debug_abbrev  0x0000010f      0x28c obj/main.o
 .debug_abbrev  0x0000039b      0x259 obj/ont.o
 .debug_abbrev  0x000005f4      0x261 obj/os.o
 .debug_abbrev  0x00000855      0x2d4 obj/os_io_seproxyhal.o
 .debug_abbrev  0x00000b29      0x100 obj/os_printf.o
 .debug_abbrev  0x00000c29       0x45 obj/pic.o
 .debug_abbrev  0x00000c6e       0x36 obj/pic_internal.o
 .debug_abbrev  0x00000ca4      0x19e obj/syscalls.o
 .debug_abbrev  0x00000e42      0x15d obj/u2f_impl.o
 .debug_abbrev  0x00000f9f       0x6b obj/u2f_io.o
 .debug_abbrev  0x0000100a      0x1cc obj/u2f_transport.o
 .debug_abbrev  0x000011d6      0x2a5 obj/ui.o
 .debug_abbrev  0x0000147b      0x15c obj/usbd_conf.o
 .debug_abbrev  0x000015d7      0x1ee obj/usbd_core.o
 .debug_abbrev  0x000017c5      0x207 obj/usbd_ctlreq.o
 .debug_abbrev  0x000019cc      0x107 obj/usbd_hid.o
 .debug_abbrev  0x00001ad3      0x1aa obj/usbd_impl.o
 .debug_abbrev  0x00001c7d       0xf8 obj/usbd_ioreq.o

.debug_line     0x00000000     0x73b2
 *(.debug_line)
 .debug_line    0x00000000      0x4b2 obj/cx_compliance_141.o
 .debug_line    0x000004b2      0x6b2 obj/main.o
 .debug_line    0x00000b64      0x790 obj/ont.o
 .debug_line    0x000012f4      0x455 obj/os.o
 .debug_line    0x00001749     0x1151 obj/os_io_seproxyhal.o
 .debug_line    0x0000289a      0x405 obj/os_printf.o
 .debug_line    0x00002c9f       0x7e obj/pic.o
 .debug_line    0x00002d1d       0x78 obj/pic_internal.o
 .debug_line    0x00002d95     0x1d05 obj/syscalls.o
 .debug_line    0x00004a9a      0x38e obj/u2f_impl.o
 .debug_line    0x00004e28      0x10d obj/u2f_io.o
 .debug_line    0x00004f35      0x513 obj/u2f_transport.o
 .debug_line    0x00005448      0x739 obj/ui.o
 .debug_line    0x00005b81      0x2f7 obj/usbd_conf.o
 .debug_line    0x00005e78      0x5b3 obj/usbd_core.o
 .debug_line    0x0000642b      0x708 obj/usbd_ctlreq.o
 .debug_line    0x00006b33      0x22b obj/usbd_hid.o
 .debug_line    0x00006d5e      0x422 obj/usbd_impl.o
 .debug_line    0x00007180      0x232 obj/usbd_ioreq.o

.debug_frame    0x00000000     0x2474
 *(.debug_frame)
 .debug_frame   0x00000000      0x320 obj/cx_compliance_141.o
 .debug_frame   0x00000320       0xa8 obj/main.o
 .debug_frame   0x000003c8      0x158 obj/ont.o
 .debug_frame   0x00000520      0x148 obj/os.o
 .debug_frame   0x00000668      0x494 obj/os_io_seproxyhal.o
 .debug_frame   0x00000afc       0x34 obj/os_printf.o
 .debug_frame   0x00000b30       0x28 obj/pic.o
 .debug_frame   0x00000b58       0x20 obj/pic_internal.o
 .debug_frame   0x00000b78      0xc60 obj/syscalls.o
 .debug_frame   0x000017d8       0xe8 obj/u2f_impl.o
 .debug_frame   0x000018c0       0x2c obj/u2f_io.o
 .debug_frame   0x000018ec       0xb8 obj/u2f_transport.o
 .debug_frame   0x000019a4      0x254 obj/ui.o
 .debug_frame   0x00001bf8      0x168 obj/usbd_conf.o
 .debug_frame   0x00001d60      0x1f0 obj/usbd_core.o
 .debug_frame   0x00001f50      0x1a0 obj/usbd_ctlreq.o
 .debug_frame   0x000020f0       0x68 obj/usbd_hid.o
 .debug_frame   0x00002158      0x13c obj/usbd_impl.o
 .debug_frame   0x00002294       0xa8 obj/usbd_ioreq.o
 .debug_frame   0x0000233c       0x20 /home/kriszhao/bolos-devenv/gcc-arm-none-eabi-5_3-2016q1/bin/../lib/gcc/arm-none-eabi/5.3.1/armv6-m/libgcc.a(_udivsi3.o)
 .debug_frame   0x0000235c       0x20 /home/kriszhao/bolos-devenv/gcc-arm-none-eabi-5_3-2016q1/bin/../lib/gcc/arm-none-eabi/5.3.1/armv6-m/libgcc.a(_divsi3.o)
 .debug_frame   0x0000237c       0x28 /home/kriszhao/bolos-devenv/gcc-arm-none-eabi-5_3-2016q1/bin/../lib/gcc/arm-none-eabi/5.3.1/../../../../arm-none-eabi/lib/armv6-m/libc.a(lib_a-aeabi_memclr.o)
 .debug_frame   0x000023a4       0x28 /home/kriszhao/bolos-devenv/gcc-arm-none-eabi-5_3-2016q1/bin/../lib/gcc/arm-none-eabi/5.3.1/../../../../arm-none-eabi/lib/armv6-m/libc.a(lib_a-aeabi_memcpy.o)
 .debug_frame   0x000023cc       0x28 /home/kriszhao/bolos-devenv/gcc-arm-none-eabi-5_3-2016q1/bin/../lib/gcc/arm-none-eabi/5.3.1/../../../../arm-none-eabi/lib/armv6-m/libc.a(lib_a-aeabi_memset.o)
 .debug_frame   0x000023f4       0x2c /home/kriszhao/bolos-devenv/gcc-arm-none-eabi-5_3-2016q1/bin/../lib/gcc/arm-none-eabi/5.3.1/../../../../arm-none-eabi/lib/armv6-m/libc.a(lib_a-memcpy-stub.o)
 .debug_frame   0x00002420       0x2c /home/kriszhao/bolos-devenv/gcc-arm-none-eabi-5_3-2016q1/bin/../lib/gcc/arm-none-eabi/5.3.1/../../../../arm-none-eabi/lib/armv6-m/libc.a(lib_a-memset.o)
 .debug_frame   0x0000244c       0x28 /home/kriszhao/bolos-devenv/gcc-arm-none-eabi-5_3-2016q1/bin/../lib/gcc/arm-none-eabi/5.3.1/../../../../arm-none-eabi/lib/armv6-m/libc.a(lib_a-strlen-stub.o)

.debug_str      0x00000000     0x495a
 *(.debug_str)
 .debug_str     0x00000000      0x73b obj/cx_compliance_141.o
                                0x806 (size before relaxing)
 .debug_str     0x0000073b      0x65e obj/main.o
                                0xaa0 (size before relaxing)
 .debug_str     0x00000d99      0x6b7 obj/ont.o
                                0x882 (size before relaxing)
 .debug_str     0x00001450      0x25d obj/os.o
                                0x33f (size before relaxing)
 .debug_str     0x000016ad     0x105c obj/os_io_seproxyhal.o
                               0x18f0 (size before relaxing)
 .debug_str     0x00002709       0xff obj/os_printf.o
                                0x197 (size before relaxing)
 .debug_str     0x00002808       0x48 obj/pic.o
                                 0xac (size before relaxing)
 .debug_str     0x00002850       0x4d obj/pic_internal.o
                                 0xb1 (size before relaxing)
 .debug_str     0x0000289d      0xb2d obj/syscalls.o
                               0x16f0 (size before relaxing)
 .debug_str     0x000033ca      0x189 obj/u2f_impl.o
                                0x575 (size before relaxing)
 .debug_str     0x00003553       0x51 obj/u2f_io.o
                                0x14e (size before relaxing)
 .debug_str     0x000035a4      0x183 obj/u2f_transport.o
                                0x461 (size before relaxing)
 .debug_str     0x00003727      0x441 obj/ui.o
                                0xfe4 (size before relaxing)
 .debug_str     0x00003b68      0x64f obj/usbd_conf.o
                                0x7a1 (size before relaxing)
 .debug_str     0x000041b7      0x21d obj/usbd_core.o
                                0x867 (size before relaxing)
 .debug_str     0x000043d4      0x16c obj/usbd_ctlreq.o
                                0x7ea (size before relaxing)
 .debug_str     0x00004540       0x96 obj/usbd_hid.o
                                0x6d4 (size before relaxing)
 .debug_str     0x000045d6      0x2a6 obj/usbd_impl.o
                                0xa58 (size before relaxing)
 .debug_str     0x0000487c       0xde obj/usbd_ioreq.o
                                0x720 (size before relaxing)

.debug_loc      0x00000000     0x7b75
 *(.debug_loc)
 .debug_loc     0x00000000      0xe26 obj/cx_compliance_141.o
 .debug_loc     0x00000e26      0x4b2 obj/main.o
 .debug_loc     0x000012d8      0x3c5 obj/ont.o
 .debug_loc     0x0000169d      0x2ac obj/os.o
 .debug_loc     0x00001949      0xaa5 obj/os_io_seproxyhal.o
 .debug_loc     0x000023ee      0x4ae obj/os_printf.o
 .debug_loc     0x0000289c       0x13 obj/pic.o
 .debug_loc     0x000028af        0x0 obj/pic_internal.o
 .debug_loc     0x000028af     0x3a33 obj/syscalls.o
 .debug_loc     0x000062e2      0x3a4 obj/u2f_impl.o
 .debug_loc     0x00006686       0x4f obj/u2f_io.o
 .debug_loc     0x000066d5      0x2b6 obj/u2f_transport.o
 .debug_loc     0x0000698b      0x43b obj/ui.o
 .debug_loc     0x00006dc6      0x212 obj/usbd_conf.o
 .debug_loc     0x00006fd8      0x2e1 obj/usbd_core.o
 .debug_loc     0x000072b9      0x4f9 obj/usbd_ctlreq.o
 .debug_loc     0x000077b2      0x113 obj/usbd_hid.o
 .debug_loc     0x000078c5      0x185 obj/usbd_impl.o
 .debug_loc     0x00007a4a      0x12b obj/usbd_ioreq.o

.debug_macinfo  0x00000000       0x13
 *(.debug_macinfo)
 .debug_macinfo
                0x00000000        0x1 obj/cx_compliance_141.o
 .debug_macinfo
                0x00000001        0x1 obj/main.o
 .debug_macinfo
                0x00000002        0x1 obj/ont.o
 .debug_macinfo
                0x00000003        0x1 obj/os.o
 .debug_macinfo
                0x00000004        0x1 obj/os_io_seproxyhal.o
 .debug_macinfo
                0x00000005        0x1 obj/os_printf.o
 .debug_macinfo
                0x00000006        0x1 obj/pic.o
 .debug_macinfo
                0x00000007        0x1 obj/pic_internal.o
 .debug_macinfo
                0x00000008        0x1 obj/syscalls.o
 .debug_macinfo
                0x00000009        0x1 obj/u2f_impl.o
 .debug_macinfo
                0x0000000a        0x1 obj/u2f_io.o
 .debug_macinfo
                0x0000000b        0x1 obj/u2f_transport.o
 .debug_macinfo
                0x0000000c        0x1 obj/ui.o
 .debug_macinfo
                0x0000000d        0x1 obj/usbd_conf.o
 .debug_macinfo
                0x0000000e        0x1 obj/usbd_core.o
 .debug_macinfo
                0x0000000f        0x1 obj/usbd_ctlreq.o
 .debug_macinfo
                0x00000010        0x1 obj/usbd_hid.o
 .debug_macinfo
                0x00000011        0x1 obj/usbd_impl.o
 .debug_macinfo
                0x00000012        0x1 obj/usbd_ioreq.o

.debug_weaknames
 *(.debug_weaknames)

.debug_funcnames
 *(.debug_funcnames)

.debug_typenames
 *(.debug_typenames)

.debug_varnames
 *(.debug_varnames)
OUTPUT(bin/app.elf elf32-littlearm)

.debug_ranges   0x00000000      0xcf0
 .debug_ranges  0x00000000       0xd8 obj/cx_compliance_141.o
 .debug_ranges  0x000000d8       0xf8 obj/main.o
 .debug_ranges  0x000001d0      0x100 obj/ont.o
 .debug_ranges  0x000002d0       0x70 obj/os.o
 .debug_ranges  0x00000340      0x1e8 obj/os_io_seproxyhal.o
 .debug_ranges  0x00000528        0x0 obj/os_printf.o
 .debug_ranges  0x00000528        0x0 obj/pic.o
 .debug_ranges  0x00000528        0x0 obj/pic_internal.o
 .debug_ranges  0x00000528      0x390 obj/syscalls.o
 .debug_ranges  0x000008b8       0x48 obj/u2f_impl.o
 .debug_ranges  0x00000900        0x0 obj/u2f_io.o
 .debug_ranges  0x00000900       0x90 obj/u2f_transport.o
 .debug_ranges  0x00000990       0xe0 obj/ui.o
 .debug_ranges  0x00000a70       0x70 obj/usbd_conf.o
 .debug_ranges  0x00000ae0       0xb0 obj/usbd_core.o
 .debug_ranges  0x00000b90       0x88 obj/usbd_ctlreq.o
 .debug_ranges  0x00000c18       0x20 obj/usbd_hid.o
 .debug_ranges  0x00000c38       0x80 obj/usbd_impl.o
 .debug_ranges  0x00000cb8       0x38 obj/usbd_ioreq.o

.debug_pubtypes
                0x00000000     0x280b
 .debug_pubtypes
                0x00000000      0x216 obj/cx_compliance_141.o
 .debug_pubtypes
                0x00000216      0x24c obj/main.o
 .debug_pubtypes
                0x00000462      0x100 obj/ont.o
 .debug_pubtypes
                0x00000562       0xed obj/os.o
 .debug_pubtypes
                0x0000064f      0x3d4 obj/os_io_seproxyhal.o
 .debug_pubtypes
                0x00000a23       0x8e obj/os_printf.o
 .debug_pubtypes
                0x00000ab1       0x23 obj/pic.o
 .debug_pubtypes
                0x00000ad4       0x23 obj/pic_internal.o
 .debug_pubtypes
                0x00000af7      0x3b4 obj/syscalls.o
 .debug_pubtypes
                0x00000eab       0xf9 obj/u2f_impl.o
 .debug_pubtypes
                0x00000fa4       0x87 obj/u2f_io.o
 .debug_pubtypes
                0x0000102b      0x102 obj/u2f_transport.o
 .debug_pubtypes
                0x0000112d      0x2a8 obj/ui.o
 .debug_pubtypes
                0x000013d5      0x366 obj/usbd_conf.o
 .debug_pubtypes
                0x0000173b      0x366 obj/usbd_core.o
 .debug_pubtypes
                0x00001aa1      0x366 obj/usbd_ctlreq.o
 .debug_pubtypes
                0x00001e07      0x34f obj/usbd_hid.o
 .debug_pubtypes
                0x00002156      0x34f obj/usbd_impl.o
 .debug_pubtypes
                0x000024a5      0x366 obj/usbd_ioreq.o

Cross Reference Table

Symbol                                            File
G_bagl_last_touched_not_released_component        obj/os_io_seproxyhal.o
G_button_mask                                     obj/os_io_seproxyhal.o
G_button_same_mask_counter                        obj/os_io_seproxyhal.o
G_io_apdu_buffer                                  obj/os.o
                                                  obj/usbd_impl.o
                                                  obj/ui.o
                                                  obj/u2f_impl.o
                                                  obj/os_io_seproxyhal.o
                                                  obj/main.o
G_io_apdu_length                                  obj/os_io_seproxyhal.o
                                                  obj/usbd_impl.o
                                                  obj/u2f_impl.o
G_io_apdu_media                                   obj/os_io_seproxyhal.o
                                                  obj/usbd_impl.o
                                                  obj/u2f_impl.o
G_io_apdu_offset                                  obj/os_io_seproxyhal.o
G_io_apdu_seq                                     obj/os_io_seproxyhal.o
G_io_apdu_state                                   obj/os_io_seproxyhal.o
                                                  obj/usbd_impl.o
                                                  obj/u2f_impl.o
G_io_seproxyhal_spi_buffer                        obj/main.o
                                                  obj/usbd_conf.o
                                                  obj/os_io_seproxyhal.o
G_io_timeout                                      obj/os_io_seproxyhal.o
G_io_timeout_limit                                obj/os_io_seproxyhal.o
G_io_u2f                                          obj/os_io_seproxyhal.o
                                                  obj/usbd_impl.o
G_io_usb_ep_buffer                                obj/os_io_seproxyhal.o
                                                  obj/u2f_transport.o
                                                  obj/u2f_io.o
                                                  obj/os.o
G_io_usb_hid_channel                              obj/os.o
G_io_usb_hid_current_buffer                       obj/os.o
G_io_usb_hid_remaining_length                     obj/os.o
G_io_usb_hid_sequence_number                      obj/os.o
G_io_usb_hid_total_length                         obj/os.o
                                                  obj/usbd_impl.o
HID_Desc                                          obj/usbd_impl.o
SVC_Call                                          obj/syscalls.o
USBD_ClrClassConfig                               obj/usbd_core.o
                                                  obj/usbd_ctlreq.o
USBD_ClrFeature                                   obj/usbd_ctlreq.o
USBD_CtlContinueRx                                obj/usbd_ioreq.o
                                                  obj/usbd_core.o
USBD_CtlContinueSendData                          obj/usbd_ioreq.o
                                                  obj/usbd_core.o
USBD_CtlError                                     obj/usbd_ctlreq.o
                                                  obj/usbd_hid.o
USBD_CtlPrepareRx                                 obj/usbd_ioreq.o
USBD_CtlReceiveStatus                             obj/usbd_ioreq.o
                                                  obj/usbd_ctlreq.o
                                                  obj/usbd_core.o
USBD_CtlSendData                                  obj/usbd_ioreq.o
                                                  obj/usbd_hid.o
                                                  obj/usbd_ctlreq.o
USBD_CtlSendStatus                                obj/usbd_ioreq.o
                                                  obj/usbd_hid.o
                                                  obj/usbd_ctlreq.o
                                                  obj/usbd_core.o
USBD_CtlStall                                     obj/usbd_ctlreq.o
USBD_DeInit                                       obj/usbd_core.o
                                                  obj/usbd_impl.o
USBD_Device                                       obj/usbd_core.o
                                                  obj/usbd_impl.o
                                                  obj/os_io_seproxyhal.o
USBD_GetConfig                                    obj/usbd_ctlreq.o
USBD_GetDescriptor                                obj/usbd_ctlreq.o
USBD_GetLen                                       obj/usbd_ctlreq.o
USBD_GetStatus                                    obj/usbd_ctlreq.o
USBD_GetString                                    obj/usbd_ctlreq.o
USBD_HID_DataOut_impl                             obj/usbd_impl.o
USBD_HID_DeInit                                   obj/usbd_hid.o
                                                  obj/usbd_impl.o
USBD_HID_Desc                                     obj/usbd_impl.o
USBD_HID_Desc_fido                                obj/usbd_impl.o
USBD_HID_GetHidDescriptor_impl                    obj/usbd_impl.o
                                                  obj/usbd_hid.o
USBD_HID_GetReportDescriptor_impl                 obj/usbd_impl.o
                                                  obj/usbd_hid.o
USBD_HID_Init                                     obj/usbd_hid.o
                                                  obj/usbd_impl.o
USBD_HID_Setup                                    obj/usbd_hid.o
                                                  obj/usbd_impl.o
USBD_Init                                         obj/usbd_core.o
                                                  obj/usbd_impl.o
USBD_LL_ClearStallEP                              obj/usbd_conf.o
                                                  obj/usbd_ctlreq.o
USBD_LL_CloseEP                                   obj/usbd_conf.o
                                                  obj/usbd_hid.o
USBD_LL_DataInStage                               obj/usbd_core.o
                                                  obj/os_io_seproxyhal.o
USBD_LL_DataOutStage                              obj/usbd_core.o
                                                  obj/os_io_seproxyhal.o
USBD_LL_DeInit                                    obj/usbd_conf.o
                                                  obj/usbd_core.o
USBD_LL_DevConnected                              obj/usbd_core.o
USBD_LL_DevDisconnected                           obj/usbd_core.o
USBD_LL_FlushEP                                   obj/usbd_conf.o
USBD_LL_Init                                      obj/usbd_conf.o
                                                  obj/usbd_core.o
USBD_LL_IsStallEP                                 obj/usbd_conf.o
                                                  obj/usbd_ctlreq.o
USBD_LL_IsoINIncomplete                           obj/usbd_core.o
USBD_LL_IsoOUTIncomplete                          obj/usbd_core.o
USBD_LL_OpenEP                                    obj/usbd_conf.o
                                                  obj/usbd_impl.o
                                                  obj/usbd_hid.o
USBD_LL_PrepareReceive                            obj/usbd_conf.o
                                                  obj/usbd_ioreq.o
                                                  obj/usbd_impl.o
                                                  obj/usbd_hid.o
USBD_LL_Reset                                     obj/usbd_core.o
                                                  obj/os_io_seproxyhal.o
USBD_LL_Resume                                    obj/usbd_core.o
                                                  obj/os_io_seproxyhal.o
USBD_LL_SOF                                       obj/usbd_core.o
                                                  obj/os_io_seproxyhal.o
USBD_LL_SetSpeed                                  obj/usbd_core.o
                                                  obj/os_io_seproxyhal.o
USBD_LL_SetUSBAddress                             obj/usbd_conf.o
                                                  obj/usbd_ctlreq.o
USBD_LL_SetupStage                                obj/usbd_core.o
                                                  obj/os_io_seproxyhal.o
USBD_LL_StallEP                                   obj/usbd_conf.o
                                                  obj/usbd_ctlreq.o
                                                  obj/usbd_core.o
USBD_LL_Start                                     obj/usbd_conf.o
                                                  obj/usbd_core.o
USBD_LL_Stop                                      obj/usbd_conf.o
                                                  obj/usbd_core.o
USBD_LL_Suspend                                   obj/usbd_core.o
                                                  obj/os_io_seproxyhal.o
USBD_LL_Transmit                                  obj/usbd_conf.o
                                                  obj/usbd_ioreq.o
USBD_ParseSetupRequest                            obj/usbd_ctlreq.o
                                                  obj/usbd_core.o
USBD_RegisterClass                                obj/usbd_core.o
USBD_RegisterClassForInterface                    obj/usbd_core.o
                                                  obj/usbd_impl.o
USBD_RunTestMode                                  obj/usbd_core.o
USBD_SetAddress                                   obj/usbd_ctlreq.o
USBD_SetClassConfig                               obj/usbd_core.o
                                                  obj/usbd_ctlreq.o
USBD_SetConfig                                    obj/usbd_ctlreq.o
USBD_SetFeature                                   obj/usbd_ctlreq.o
USBD_Start                                        obj/usbd_core.o
                                                  obj/usbd_impl.o
USBD_StdDevReq                                    obj/usbd_ctlreq.o
                                                  obj/usbd_core.o
USBD_StdEPReq                                     obj/usbd_ctlreq.o
                                                  obj/usbd_core.o
USBD_StdItfReq                                    obj/usbd_ctlreq.o
                                                  obj/usbd_core.o
USBD_Stop                                         obj/usbd_core.o
USBD_U2F_DataIn_impl                              obj/usbd_impl.o
USBD_U2F_DataOut_impl                             obj/usbd_impl.o
USB_power                                         obj/usbd_impl.o
                                                  obj/main.o
UX_MENU_END_ENTRY                                 obj/os_io_seproxyhal.o
__aeabi_idiv                                      /home/kriszhao/bolos-devenv/gcc-arm-none-eabi-5_3-2016q1/bin/../lib/gcc/arm-none-eabi/5.3.1/armv6-m/libgcc.a(_divsi3.o)
                                                  obj/ont.o
__aeabi_idiv0                                     /home/kriszhao/bolos-devenv/gcc-arm-none-eabi-5_3-2016q1/bin/../lib/gcc/arm-none-eabi/5.3.1/armv6-m/libgcc.a(_dvmd_tls.o)
                                                  /home/kriszhao/bolos-devenv/gcc-arm-none-eabi-5_3-2016q1/bin/../lib/gcc/arm-none-eabi/5.3.1/armv6-m/libgcc.a(_divsi3.o)
                                                  /home/kriszhao/bolos-devenv/gcc-arm-none-eabi-5_3-2016q1/bin/../lib/gcc/arm-none-eabi/5.3.1/armv6-m/libgcc.a(_udivsi3.o)
__aeabi_idivmod                                   /home/kriszhao/bolos-devenv/gcc-arm-none-eabi-5_3-2016q1/bin/../lib/gcc/arm-none-eabi/5.3.1/armv6-m/libgcc.a(_divsi3.o)
                                                  obj/ont.o
__aeabi_ldiv0                                     /home/kriszhao/bolos-devenv/gcc-arm-none-eabi-5_3-2016q1/bin/../lib/gcc/arm-none-eabi/5.3.1/armv6-m/libgcc.a(_dvmd_tls.o)
__aeabi_memclr                                    /home/kriszhao/bolos-devenv/gcc-arm-none-eabi-5_3-2016q1/bin/../lib/gcc/arm-none-eabi/5.3.1/../../../../arm-none-eabi/lib/armv6-m/libc.a(lib_a-aeabi_memclr.o)
                                                  obj/os.o
__aeabi_memclr4                                   /home/kriszhao/bolos-devenv/gcc-arm-none-eabi-5_3-2016q1/bin/../lib/gcc/arm-none-eabi/5.3.1/../../../../arm-none-eabi/lib/armv6-m/libc.a(lib_a-aeabi_memclr.o)
                                                  obj/usbd_core.o
                                                  obj/ont.o
__aeabi_memclr8                                   /home/kriszhao/bolos-devenv/gcc-arm-none-eabi-5_3-2016q1/bin/../lib/gcc/arm-none-eabi/5.3.1/../../../../arm-none-eabi/lib/armv6-m/libc.a(lib_a-aeabi_memclr.o)
__aeabi_memcpy                                    /home/kriszhao/bolos-devenv/gcc-arm-none-eabi-5_3-2016q1/bin/../lib/gcc/arm-none-eabi/5.3.1/../../../../arm-none-eabi/lib/armv6-m/libc.a(lib_a-aeabi_memcpy.o)
                                                  obj/ui.o
__aeabi_memcpy4                                   /home/kriszhao/bolos-devenv/gcc-arm-none-eabi-5_3-2016q1/bin/../lib/gcc/arm-none-eabi/5.3.1/../../../../arm-none-eabi/lib/armv6-m/libc.a(lib_a-aeabi_memcpy.o)
__aeabi_memcpy8                                   /home/kriszhao/bolos-devenv/gcc-arm-none-eabi-5_3-2016q1/bin/../lib/gcc/arm-none-eabi/5.3.1/../../../../arm-none-eabi/lib/armv6-m/libc.a(lib_a-aeabi_memcpy.o)